nohup: ignoring input
☁️ 腾讯云数据库连接创建成功！
🚀 伦敦金5分钟监控服务已启动！
💡 提示：按 Ctrl+C 可安全停止服务。

⏰ [2026-09-04 16:14:34] 正在获取伦敦金最新数据...
❌ 伦敦金监控任务异常: GoldFetcher.fetch_gold_history() got an unexpected keyword argument 'market_type'

⏰ [2026-09-04 16:19:35] 正在获取伦敦金最新数据...
❌ 伦敦金监控任务异常: GoldFetcher.fetch_gold_history() got an unexpected keyword argument 'market_type'

⏰ [2026-09-04 16:24:35] 正在获取伦敦金最新数据...
❌ 伦敦金监控任务异常: GoldFetcher.fetch_gold_history() got an unexpected keyword argument 'market_type'

⏰ [2026-09-04 16:29:35] 正在获取伦敦金最新数据...
❌ 伦敦金监控任务异常: GoldFetcher.fetch_gold_history() got an unexpected keyword argument 'market_type'

⏰ [2026-09-04 16:34:36] 正在获取伦敦金最新数据...
❌ 伦敦金监控任务异常: GoldFetcher.fetch_gold_history() got an unexpected keyword argument 'market_type'

⏰ [2026-09-04 16:39:36] 正在获取伦敦金最新数据...
❌ 伦敦金监控任务异常: GoldFetcher.fetch_gold_history() got an unexpected keyword argument 'market_type'

⏰ [2026-09-04 16:44:36] 正在获取伦敦金最新数据...
❌ 伦敦金监控任务异常: GoldFetcher.fetch_gold_history() got an unexpected keyword argument 'market_type'

⏰ [2026-09-04 16:49:37] 正在获取伦敦金最新数据...
❌ 伦敦金监控任务异常: GoldFetcher.fetch_gold_history() got an unexpected keyword argument 'market_type'

⏰ [2026-09-04 16:54:37] 正在获取伦敦金最新数据...
❌ 伦敦金监控任务异常: GoldFetcher.fetch_gold_history() got an unexpected keyword argument 'market_type'

⏰ [2026-09-04 16:59:37] 正在获取伦敦金最新数据...
❌ 伦敦金监控任务异常: GoldFetcher.fetch_gold_history() got an unexpected keyword argument 'market_type'

⏰ [2026-09-04 17:04:37] 正在获取伦敦金最新数据...
❌ 伦敦金监控任务异常: GoldFetcher.fetch_gold_history() got an unexpected keyword argument 'market_type'

⏰ [2026-09-04 17:09:38] 正在获取伦敦金最新数据...
❌ 伦敦金监控任务异常: GoldFetcher.fetch_gold_history() got an unexpected keyword argument 'market_type'

⏰ [2026-09-04 17:14:38] 正在获取伦敦金最新数据...
❌ 伦敦金监控任务异常: GoldFetcher.fetch_gold_history() got an unexpected keyword argument 'market_type'

⏰ [2026-09-04 17:19:38] 正在获取伦敦金最新数据...
❌ 伦敦金监控任务异常: GoldFetcher.fetch_gold_history() got an unexpected keyword argument 'market_type'

⏰ [2026-09-04 17:24:39] 正在获取伦敦金最新数据...
❌ 伦敦金监控任务异常: GoldFetcher.fetch_gold_history() got an unexpected keyword argument 'market_type'

⏰ [2026-09-04 17:29:39] 正在获取伦敦金最新数据...
❌ 伦敦金监控任务异常: GoldFetcher.fetch_gold_history() got an unexpected keyword argument 'market_type'

⏰ [2026-09-04 17:34:39] 正在获取伦敦金最新数据...
❌ 伦敦金监控任务异常: GoldFetcher.fetch_gold_history() got an unexpected keyword argument 'market_type'

⏰ [2026-09-04 17:39:40] 正在获取伦敦金最新数据...
❌ 伦敦金监控任务异常: GoldFetcher.fetch_gold_history() got an unexpected keyword argument 'market_type'

⏰ [2026-09-04 17:44:40] 正在获取伦敦金最新数据...
❌ 伦敦金监控任务异常: GoldFetcher.fetch_gold_history() got an unexpected keyword argument 'market_type'

⏰ [2026-09-04 17:49:40] 正在获取伦敦金最新数据...
❌ 伦敦金监控任务异常: GoldFetcher.fetch_gold_history() got an unexpected keyword argument 'market_type'

⏰ [2026-09-04 17:54:40] 正在获取伦敦金最新数据...
❌ 伦敦金监控任务异常: GoldFetcher.fetch_gold_history() got an unexpected keyword argument 'market_type'

⏰ [2026-09-04 17:59:41] 正在获取伦敦金最新数据...
❌ 伦敦金监控任务异常: GoldFetcher.fetch_gold_history() got an unexpected keyword argument 'market_type'

⏰ [2026-09-04 18:04:41] 正在获取伦敦金最新数据...
❌ 伦敦金监控任务异常: GoldFetcher.fetch_gold_history() got an unexpected keyword argument 'market_type'

⏰ [2026-09-04 18:09:41] 正在获取伦敦金最新数据...
❌ 伦敦金监控任务异常: GoldFetcher.fetch_gold_history() got an unexpected keyword argument 'market_type'

⏰ [2026-09-04 18:14:42] 正在获取伦敦金最新数据...
❌ 伦敦金监控任务异常: GoldFetcher.fetch_gold_history() got an unexpected keyword argument 'market_type'

⏰ [2026-09-04 18:19:42] 正在获取伦敦金最新数据...
❌ 伦敦金监控任务异常: GoldFetcher.fetch_gold_history() got an unexpected keyword argument 'market_type'

⏰ [2026-09-04 18:24:42] 正在获取伦敦金最新数据...
❌ 伦敦金监控任务异常: GoldFetcher.fetch_gold_history() got an unexpected keyword argument 'market_type'

⏰ [2026-09-04 18:29:43] 正在获取伦敦金最新数据...
❌ 伦敦金监控任务异常: GoldFetcher.fetch_gold_history() got an unexpected keyword argument 'market_type'

⏰ [2026-09-04 18:34:43] 正在获取伦敦金最新数据...
❌ 伦敦金监控任务异常: GoldFetcher.fetch_gold_history() got an unexpected keyword argument 'market_type'

⏰ [2026-09-04 18:39:43] 正在获取伦敦金最新数据...
❌ 伦敦金监控任务异常: GoldFetcher.fetch_gold_history() got an unexpected keyword argument 'market_type'

⏰ [2026-09-04 18:44:43] 正在获取伦敦金最新数据...
❌ 伦敦金监控任务异常: GoldFetcher.fetch_gold_history() got an unexpected keyword argument 'market_type'

⏰ [2026-09-04 18:49:44] 正在获取伦敦金最新数据...
❌ 伦敦金监控任务异常: GoldFetcher.fetch_gold_history() got an unexpected keyword argument 'market_type'

⏰ [2026-09-04 18:54:44] 正在获取伦敦金最新数据...
❌ 伦敦金监控任务异常: GoldFetcher.fetch_gold_history() got an unexpected keyword argument 'market_type'

⏰ [2026-09-04 18:59:44] 正在获取伦敦金最新数据...
❌ 伦敦金监控任务异常: GoldFetcher.fetch_gold_history() got an unexpected keyword argument 'market_type'

⏰ [2026-09-04 19:04:45] 正在获取伦敦金最新数据...
❌ 伦敦金监控任务异常: GoldFetcher.fetch_gold_history() got an unexpected keyword argument 'market_type'

⏰ [2026-09-04 19:09:45] 正在获取伦敦金最新数据...
❌ 伦敦金监控任务异常: GoldFetcher.fetch_gold_history() got an unexpected keyword argument 'market_type'

⏰ [2026-09-04 19:14:45] 正在获取伦敦金最新数据...
❌ 伦敦金监控任务异常: GoldFetcher.fetch_gold_history() got an unexpected keyword argument 'market_type'

⏰ [2026-09-04 19:19:45] 正在获取伦敦金最新数据...
❌ 伦敦金监控任务异常: GoldFetcher.fetch_gold_history() got an unexpected keyword argument 'market_type'

⏰ [2026-09-04 19:24:46] 正在获取伦敦金最新数据...
❌ 伦敦金监控任务异常: GoldFetcher.fetch_gold_history() got an unexpected keyword argument 'market_type'

⏰ [2026-09-04 19:29:46] 正在获取伦敦金最新数据...
❌ 伦敦金监控任务异常: GoldFetcher.fetch_gold_history() got an unexpected keyword argument 'market_type'

⏰ [2026-09-04 19:34:46] 正在获取伦敦金最新数据...
❌ 伦敦金监控任务异常: GoldFetcher.fetch_gold_history() got an unexpected keyword argument 'market_type'

⏰ [2026-09-04 19:39:47] 正在获取伦敦金最新数据...
❌ 伦敦金监控任务异常: GoldFetcher.fetch_gold_history() got an unexpected keyword argument 'market_type'

⏰ [2026-09-04 19:44:47] 正在获取伦敦金最新数据...
❌ 伦敦金监控任务异常: GoldFetcher.fetch_gold_history() got an unexpected keyword argument 'market_type'

⏰ [2026-09-04 19:49:47] 正在获取伦敦金最新数据...
❌ 伦敦金监控任务异常: GoldFetcher.fetch_gold_history() got an unexpected keyword argument 'market_type'

⏰ [2026-09-04 19:54:47] 正在获取伦敦金最新数据...
❌ 伦敦金监控任务异常: GoldFetcher.fetch_gold_history() got an unexpected keyword argument 'market_type'

⏰ [2026-09-04 19:59:48] 正在获取伦敦金最新数据...
❌ 伦敦金监控任务异常: GoldFetcher.fetch_gold_history() got an unexpected keyword argument 'market_type'

⏰ [2026-09-04 20:04:48] 正在获取伦敦金最新数据...
❌ 伦敦金监控任务异常: GoldFetcher.fetch_gold_history() got an unexpected keyword argument 'market_type'

⏰ [2026-09-04 20:09:48] 正在获取伦敦金最新数据...
❌ 伦敦金监控任务异常: GoldFetcher.fetch_gold_history() got an unexpected keyword argument 'market_type'

⏰ [2026-09-04 20:14:49] 正在获取伦敦金最新数据...
❌ 伦敦金监控任务异常: GoldFetcher.fetch_gold_history() got an unexpected keyword argument 'market_type'

⏰ [2026-09-04 20:19:49] 正在获取伦敦金最新数据...
❌ 伦敦金监控任务异常: GoldFetcher.fetch_gold_history() got an unexpected keyword argument 'market_type'

⏰ [2026-09-04 20:24:49] 正在获取伦敦金最新数据...
❌ 伦敦金监控任务异常: GoldFetcher.fetch_gold_history() got an unexpected keyword argument 'market_type'

⏰ [2026-09-04 20:29:49] 正在获取伦敦金最新数据...
❌ 伦敦金监控任务异常: GoldFetcher.fetch_gold_history() got an unexpected keyword argument 'market_type'

⏰ [2026-09-04 20:34:50] 正在获取伦敦金最新数据...
❌ 伦敦金监控任务异常: GoldFetcher.fetch_gold_history() got an unexpected keyword argument 'market_type'

⏰ [2026-09-04 20:39:50] 正在获取伦敦金最新数据...
❌ 伦敦金监控任务异常: GoldFetcher.fetch_gold_history() got an unexpected keyword argument 'market_type'

⏰ [2026-09-04 20:44:50] 正在获取伦敦金最新数据...
❌ 伦敦金监控任务异常: GoldFetcher.fetch_gold_history() got an unexpected keyword argument 'market_type'

⏰ [2026-09-04 20:49:51] 正在获取伦敦金最新数据...
❌ 伦敦金监控任务异常: GoldFetcher.fetch_gold_history() got an unexpected keyword argument 'market_type'

⏰ [2026-09-04 20:54:51] 正在获取伦敦金最新数据...
❌ 伦敦金监控任务异常: GoldFetcher.fetch_gold_history() got an unexpected keyword argument 'market_type'

⏰ [2026-09-04 20:59:51] 正在获取伦敦金最新数据...
❌ 伦敦金监控任务异常: GoldFetcher.fetch_gold_history() got an unexpected keyword argument 'market_type'

⏰ [2026-09-04 21:04:52] 正在获取伦敦金最新数据...
❌ 伦敦金监控任务异常: GoldFetcher.fetch_gold_history() got an unexpected keyword argument 'market_type'

⏰ [2026-09-04 21:09:52] 正在获取伦敦金最新数据...
❌ 伦敦金监控任务异常: GoldFetcher.fetch_gold_history() got an unexpected keyword argument 'market_type'

⏰ [2026-09-04 21:14:52] 正在获取伦敦金最新数据...
❌ 伦敦金监控任务异常: GoldFetcher.fetch_gold_history() got an unexpected keyword argument 'market_type'

⏰ [2026-09-04 21:19:53] 正在获取伦敦金最新数据...
❌ 伦敦金监控任务异常: GoldFetcher.fetch_gold_history() got an unexpected keyword argument 'market_type'

⏰ [2026-09-04 21:24:53] 正在获取伦敦金最新数据...
❌ 伦敦金监控任务异常: GoldFetcher.fetch_gold_history() got an unexpected keyword argument 'market_type'

⏰ [2026-09-04 21:29:53] 正在获取伦敦金最新数据...
❌ 伦敦金监控任务异常: GoldFetcher.fetch_gold_history() got an unexpected keyword argument 'market_type'

⏰ [2026-09-04 21:34:53] 正在获取伦敦金最新数据...
❌ 伦敦金监控任务异常: GoldFetcher.fetch_gold_history() got an unexpected keyword argument 'market_type'

⏰ [2026-09-04 21:39:54] 正在获取伦敦金最新数据...
❌ 伦敦金监控任务异常: GoldFetcher.fetch_gold_history() got an unexpected keyword argument 'market_type'

⏰ [2026-09-04 21:44:54] 正在获取伦敦金最新数据...
❌ 伦敦金监控任务异常: GoldFetcher.fetch_gold_history() got an unexpected keyword argument 'market_type'

⏰ [2026-09-04 21:49:54] 正在获取伦敦金最新数据...
❌ 伦敦金监控任务异常: GoldFetcher.fetch_gold_history() got an unexpected keyword argument 'market_type'

⏰ [2026-09-04 21:54:55] 正在获取伦敦金最新数据...
❌ 伦敦金监控任务异常: GoldFetcher.fetch_gold_history() got an unexpected keyword argument 'market_type'

⏰ [2026-09-04 21:59:55] 正在获取伦敦金最新数据...
❌ 伦敦金监控任务异常: GoldFetcher.fetch_gold_history() got an unexpected keyword argument 'market_type'

⏰ [2026-09-04 22:04:55] 正在获取伦敦金最新数据...
❌ 伦敦金监控任务异常: GoldFetcher.fetch_gold_history() got an unexpected keyword argument 'market_type'

⏰ [2026-09-04 22:09:56] 正在获取伦敦金最新数据...
❌ 伦敦金监控任务异常: GoldFetcher.fetch_gold_history() got an unexpected keyword argument 'market_type'

⏰ [2026-09-04 22:14:56] 正在获取伦敦金最新数据...
❌ 伦敦金监控任务异常: GoldFetcher.fetch_gold_history() got an unexpected keyword argument 'market_type'

⏰ [2026-09-04 22:19:56] 正在获取伦敦金最新数据...
❌ 伦敦金监控任务异常: GoldFetcher.fetch_gold_history() got an unexpected keyword argument 'market_type'

⏰ [2026-09-04 22:24:56] 正在获取伦敦金最新数据...
❌ 伦敦金监控任务异常: GoldFetcher.fetch_gold_history() got an unexpected keyword argument 'market_type'

⏰ [2026-09-04 22:29:57] 正在获取伦敦金最新数据...
❌ 伦敦金监控任务异常: GoldFetcher.fetch_gold_history() got an unexpected keyword argument 'market_type'

⏰ [2026-09-04 22:34:57] 正在获取伦敦金最新数据...
❌ 伦敦金监控任务异常: GoldFetcher.fetch_gold_history() got an unexpected keyword argument 'market_type'

⏰ [2026-09-04 22:39:57] 正在获取伦敦金最新数据...
❌ 伦敦金监控任务异常: GoldFetcher.fetch_gold_history() got an unexpected keyword argument 'market_type'

⏰ [2026-09-04 22:44:58] 正在获取伦敦金最新数据...
❌ 伦敦金监控任务异常: GoldFetcher.fetch_gold_history() got an unexpected keyword argument 'market_type'

⏰ [2026-09-04 22:49:58] 正在获取伦敦金最新数据...
❌ 伦敦金监控任务异常: GoldFetcher.fetch_gold_history() got an unexpected keyword argument 'market_type'

⏰ [2026-09-04 22:54:58] 正在获取伦敦金最新数据...
❌ 伦敦金监控任务异常: GoldFetcher.fetch_gold_history() got an unexpected keyword argument 'market_type'

⏰ [2026-09-04 22:59:59] 正在获取伦敦金最新数据...
❌ 伦敦金监控任务异常: GoldFetcher.fetch_gold_history() got an unexpected keyword argument 'market_type'

⏰ [2026-09-04 23:04:59] 正在获取伦敦金最新数据...
❌ 伦敦金监控任务异常: GoldFetcher.fetch_gold_history() got an unexpected keyword argument 'market_type'

⏰ [2026-09-04 23:09:59] 正在获取伦敦金最新数据...
❌ 伦敦金监控任务异常: GoldFetcher.fetch_gold_history() got an unexpected keyword argument 'market_type'

⏰ [2026-09-04 23:14:59] 正在获取伦敦金最新数据...
❌ 伦敦金监控任务异常: GoldFetcher.fetch_gold_history() got an unexpected keyword argument 'market_type'

⏰ [2026-09-04 23:20:00] 正在获取伦敦金最新数据...
❌ 伦敦金监控任务异常: GoldFetcher.fetch_gold_history() got an unexpected keyword argument 'market_type'

⏰ [2026-09-04 23:25:00] 正在获取伦敦金最新数据...
❌ 伦敦金监控任务异常: GoldFetcher.fetch_gold_history() got an unexpected keyword argument 'market_type'

⏰ [2026-09-04 23:30:00] 正在获取伦敦金最新数据...
❌ 伦敦金监控任务异常: GoldFetcher.fetch_gold_history() got an unexpected keyword argument 'market_type'

⏰ [2026-09-04 23:35:01] 正在获取伦敦金最新数据...
❌ 伦敦金监控任务异常: GoldFetcher.fetch_gold_history() got an unexpected keyword argument 'market_type'

⏰ [2026-09-04 23:40:01] 正在获取伦敦金最新数据...
❌ 伦敦金监控任务异常: GoldFetcher.fetch_gold_history() got an unexpected keyword argument 'market_type'

⏰ [2026-09-04 23:45:01] 正在获取伦敦金最新数据...
❌ 伦敦金监控任务异常: GoldFetcher.fetch_gold_history() got an unexpected keyword argument 'market_type'

⏰ [2026-09-04 23:50:02] 正在获取伦敦金最新数据...
❌ 伦敦金监控任务异常: GoldFetcher.fetch_gold_history() got an unexpected keyword argument 'market_type'

⏰ [2026-09-04 23:55:02] 正在获取伦敦金最新数据...
❌ 伦敦金监控任务异常: GoldFetcher.fetch_gold_history() got an unexpected keyword argument 'market_type'

⏰ [2026-09-05 00:00:02] 正在获取伦敦金最新数据...
❌ 伦敦金监控任务异常: GoldFetcher.fetch_gold_history() got an unexpected keyword argument 'market_type'

⏰ [2026-09-05 00:05:03] 正在获取伦敦金最新数据...
❌ 伦敦金监控任务异常: GoldFetcher.fetch_gold_history() got an unexpected keyword argument 'market_type'

⏰ [2026-09-05 00:10:03] 正在获取伦敦金最新数据...
❌ 伦敦金监控任务异常: GoldFetcher.fetch_gold_history() got an unexpected keyword argument 'market_type'

⏰ [2026-09-05 00:15:03] 正在获取伦敦金最新数据...
❌ 伦敦金监控任务异常: GoldFetcher.fetch_gold_history() got an unexpected keyword argument 'market_type'

⏰ [2026-09-05 00:20:03] 正在获取伦敦金最新数据...
❌ 伦敦金监控任务异常: GoldFetcher.fetch_gold_history() got an unexpected keyword argument 'market_type'

⏰ [2026-09-05 00:25:04] 正在获取伦敦金最新数据...
❌ 伦敦金监控任务异常: GoldFetcher.fetch_gold_history() got an unexpected keyword argument 'market_type'

⏰ [2026-09-05 00:30:04] 正在获取伦敦金最新数据...
❌ 伦敦金监控任务异常: GoldFetcher.fetch_gold_history() got an unexpected keyword argument 'market_type'

⏰ [2026-09-05 00:35:04] 正在获取伦敦金最新数据...
❌ 伦敦金监控任务异常: GoldFetcher.fetch_gold_history() got an unexpected keyword argument 'market_type'

⏰ [2026-09-05 00:40:05] 正在获取伦敦金最新数据...
❌ 伦敦金监控任务异常: GoldFetcher.fetch_gold_history() got an unexpected keyword argument 'market_type'

⏰ [2026-09-05 00:45:05] 正在获取伦敦金最新数据...
❌ 伦敦金监控任务异常: GoldFetcher.fetch_gold_history() got an unexpected keyword argument 'market_type'

⏰ [2026-09-05 00:50:05] 正在获取伦敦金最新数据...
❌ 伦敦金监控任务异常: GoldFetcher.fetch_gold_history() got an unexpected keyword argument 'market_type'

⏰ [2026-09-05 00:55:05] 正在获取伦敦金最新数据...
❌ 伦敦金监控任务异常: GoldFetcher.fetch_gold_history() got an unexpected keyword argument 'market_type'

⏰ [2026-09-05 01:00:06] 正在获取伦敦金最新数据...
❌ 伦敦金监控任务异常: GoldFetcher.fetch_gold_history() got an unexpected keyword argument 'market_type'

⏰ [2026-09-05 01:05:06] 正在获取伦敦金最新数据...
❌ 伦敦金监控任务异常: GoldFetcher.fetch_gold_history() got an unexpected keyword argument 'market_type'

⏰ [2026-09-05 01:10:06] 正在获取伦敦金最新数据...
❌ 伦敦金监控任务异常: GoldFetcher.fetch_gold_history() got an unexpected keyword argument 'market_type'

⏰ [2026-09-05 01:15:07] 正在获取伦敦金最新数据...
❌ 伦敦金监控任务异常: GoldFetcher.fetch_gold_history() got an unexpected keyword argument 'market_type'

⏰ [2026-09-05 01:20:07] 正在获取伦敦金最新数据...
❌ 伦敦金监控任务异常: GoldFetcher.fetch_gold_history() got an unexpected keyword argument 'market_type'

⏰ [2026-09-05 01:25:07] 正在获取伦敦金最新数据...
❌ 伦敦金监控任务异常: GoldFetcher.fetch_gold_history() got an unexpected keyword argument 'market_type'

⏰ [2026-09-05 01:30:08] 正在获取伦敦金最新数据...
❌ 伦敦金监控任务异常: GoldFetcher.fetch_gold_history() got an unexpected keyword argument 'market_type'

⏰ [2026-09-05 01:35:08] 正在获取伦敦金最新数据...
❌ 伦敦金监控任务异常: GoldFetcher.fetch_gold_history() got an unexpected keyword argument 'market_type'

⏰ [2026-09-05 01:40:08] 正在获取伦敦金最新数据...
❌ 伦敦金监控任务异常: GoldFetcher.fetch_gold_history() got an unexpected keyword argument 'market_type'

⏰ [2026-09-05 01:45:08] 正在获取伦敦金最新数据...
❌ 伦敦金监控任务异常: GoldFetcher.fetch_gold_history() got an unexpected keyword argument 'market_type'

⏰ [2026-09-05 01:50:09] 正在获取伦敦金最新数据...
❌ 伦敦金监控任务异常: GoldFetcher.fetch_gold_history() got an unexpected keyword argument 'market_type'

⏰ [2026-09-05 01:55:09] 正在获取伦敦金最新数据...
❌ 伦敦金监控任务异常: GoldFetcher.fetch_gold_history() got an unexpected keyword argument 'market_type'

⏰ [2026-09-05 02:00:09] 正在获取伦敦金最新数据...
❌ 伦敦金监控任务异常: GoldFetcher.fetch_gold_history() got an unexpected keyword argument 'market_type'

⏰ [2026-09-05 02:05:10] 正在获取伦敦金最新数据...
❌ 伦敦金监控任务异常: GoldFetcher.fetch_gold_history() got an unexpected keyword argument 'market_type'

⏰ [2026-09-05 02:10:10] 正在获取伦敦金最新数据...
❌ 伦敦金监控任务异常: GoldFetcher.fetch_gold_history() got an unexpected keyword argument 'market_type'

⏰ [2026-09-05 02:15:10] 正在获取伦敦金最新数据...
❌ 伦敦金监控任务异常: GoldFetcher.fetch_gold_history() got an unexpected keyword argument 'market_type'

⏰ [2026-09-05 02:20:10] 正在获取伦敦金最新数据...
❌ 伦敦金监控任务异常: GoldFetcher.fetch_gold_history() got an unexpected keyword argument 'market_type'

⏰ [2026-09-05 02:25:11] 正在获取伦敦金最新数据...
❌ 伦敦金监控任务异常: GoldFetcher.fetch_gold_history() got an unexpected keyword argument 'market_type'

⏰ [2026-09-05 02:30:11] 正在获取伦敦金最新数据...
❌ 伦敦金监控任务异常: GoldFetcher.fetch_gold_history() got an unexpected keyword argument 'market_type'

⏰ [2026-09-05 02:35:11] 正在获取伦敦金最新数据...
❌ 伦敦金监控任务异常: GoldFetcher.fetch_gold_history() got an unexpected keyword argument 'market_type'

⏰ [2026-09-05 02:40:12] 正在获取伦敦金最新数据...
❌ 伦敦金监控任务异常: GoldFetcher.fetch_gold_history() got an unexpected keyword argument 'market_type'

⏰ [2026-09-05 02:45:12] 正在获取伦敦金最新数据...
❌ 伦敦金监控任务异常: GoldFetcher.fetch_gold_history() got an unexpected keyword argument 'market_type'

⏰ [2026-09-05 02:50:12] 正在获取伦敦金最新数据...
❌ 伦敦金监控任务异常: GoldFetcher.fetch_gold_history() got an unexpected keyword argument 'market_type'

⏰ [2026-09-05 02:55:12] 正在获取伦敦金最新数据...
❌ 伦敦金监控任务异常: GoldFetcher.fetch_gold_history() got an unexpected keyword argument 'market_type'

⏰ [2026-09-05 03:00:13] 正在获取伦敦金最新数据...
❌ 伦敦金监控任务异常: GoldFetcher.fetch_gold_history() got an unexpected keyword argument 'market_type'

⏰ [2026-09-05 03:05:13] 正在获取伦敦金最新数据...
❌ 伦敦金监控任务异常: GoldFetcher.fetch_gold_history() got an unexpected keyword argument 'market_type'

⏰ [2026-09-05 03:10:13] 正在获取伦敦金最新数据...
❌ 伦敦金监控任务异常: GoldFetcher.fetch_gold_history() got an unexpected keyword argument 'market_type'

⏰ [2026-09-05 03:15:14] 正在获取伦敦金最新数据...
❌ 伦敦金监控任务异常: GoldFetcher.fetch_gold_history() got an unexpected keyword argument 'market_type'

⏰ [2026-09-05 03:20:14] 正在获取伦敦金最新数据...
❌ 伦敦金监控任务异常: GoldFetcher.fetch_gold_history() got an unexpected keyword argument 'market_type'

⏰ [2026-09-05 03:25:14] 正在获取伦敦金最新数据...
❌ 伦敦金监控任务异常: GoldFetcher.fetch_gold_history() got an unexpected keyword argument 'market_type'

⏰ [2026-09-05 03:30:15] 正在获取伦敦金最新数据...
❌ 伦敦金监控任务异常: GoldFetcher.fetch_gold_history() got an unexpected keyword argument 'market_type'

⏰ [2026-09-05 03:35:15] 正在获取伦敦金最新数据...
❌ 伦敦金监控任务异常: GoldFetcher.fetch_gold_history() got an unexpected keyword argument 'market_type'

⏰ [2026-09-05 03:40:15] 正在获取伦敦金最新数据...
❌ 伦敦金监控任务异常: GoldFetcher.fetch_gold_history() got an unexpected keyword argument 'market_type'

⏰ [2026-09-05 03:45:15] 正在获取伦敦金最新数据...
❌ 伦敦金监控任务异常: GoldFetcher.fetch_gold_history() got an unexpected keyword argument 'market_type'

⏰ [2026-09-05 03:50:16] 正在获取伦敦金最新数据...
❌ 伦敦金监控任务异常: GoldFetcher.fetch_gold_history() got an unexpected keyword argument 'market_type'

⏰ [2026-09-05 03:55:16] 正在获取伦敦金最新数据...
❌ 伦敦金监控任务异常: GoldFetcher.fetch_gold_history() got an unexpected keyword argument 'market_type'

⏰ [2026-09-05 04:00:16] 正在获取伦敦金最新数据...
❌ 伦敦金监控任务异常: GoldFetcher.fetch_gold_history() got an unexpected keyword argument 'market_type'

⏰ [2026-09-05 04:05:17] 正在获取伦敦金最新数据...
❌ 伦敦金监控任务异常: GoldFetcher.fetch_gold_history() got an unexpected keyword argument 'market_type'

⏰ [2026-09-05 04:10:17] 正在获取伦敦金最新数据...
❌ 伦敦金监控任务异常: GoldFetcher.fetch_gold_history() got an unexpected keyword argument 'market_type'

⏰ [2026-09-05 04:15:17] 正在获取伦敦金最新数据...
❌ 伦敦金监控任务异常: GoldFetcher.fetch_gold_history() got an unexpected keyword argument 'market_type'

⏰ [2026-09-05 04:20:17] 正在获取伦敦金最新数据...
❌ 伦敦金监控任务异常: GoldFetcher.fetch_gold_history() got an unexpected keyword argument 'market_type'

⏰ [2026-09-05 04:25:18] 正在获取伦敦金最新数据...
❌ 伦敦金监控任务异常: GoldFetcher.fetch_gold_history() got an unexpected keyword argument 'market_type'

⏰ [2026-09-05 04:30:18] 正在获取伦敦金最新数据...
❌ 伦敦金监控任务异常: GoldFetcher.fetch_gold_history() got an unexpected keyword argument 'market_type'

⏰ [2026-09-05 04:35:18] 正在获取伦敦金最新数据...
❌ 伦敦金监控任务异常: GoldFetcher.fetch_gold_history() got an unexpected keyword argument 'market_type'

⏰ [2026-09-05 04:40:19] 正在获取伦敦金最新数据...
❌ 伦敦金监控任务异常: GoldFetcher.fetch_gold_history() got an unexpected keyword argument 'market_type'

⏰ [2026-09-05 04:45:19] 正在获取伦敦金最新数据...
❌ 伦敦金监控任务异常: GoldFetcher.fetch_gold_history() got an unexpected keyword argument 'market_type'

⏰ [2026-09-05 04:50:19] 正在获取伦敦金最新数据...
❌ 伦敦金监控任务异常: GoldFetcher.fetch_gold_history() got an unexpected keyword argument 'market_type'

⏰ [2026-09-05 04:55:19] 正在获取伦敦金最新数据...
❌ 伦敦金监控任务异常: GoldFetcher.fetch_gold_history() got an unexpected keyword argument 'market_type'

⏰ [2026-09-05 05:00:20] 正在获取伦敦金最新数据...
❌ 伦敦金监控任务异常: GoldFetcher.fetch_gold_history() got an unexpected keyword argument 'market_type'

⏰ [2026-09-05 05:05:20] 正在获取伦敦金最新数据...
❌ 伦敦金监控任务异常: GoldFetcher.fetch_gold_history() got an unexpected keyword argument 'market_type'

⏰ [2026-09-05 05:10:20] 正在获取伦敦金最新数据...
❌ 伦敦金监控任务异常: GoldFetcher.fetch_gold_history() got an unexpected keyword argument 'market_type'

⏰ [2026-09-05 05:15:21] 正在获取伦敦金最新数据...
❌ 伦敦金监控任务异常: GoldFetcher.fetch_gold_history() got an unexpected keyword argument 'market_type'

⏰ [2026-09-05 05:20:21] 正在获取伦敦金最新数据...
❌ 伦敦金监控任务异常: GoldFetcher.fetch_gold_history() got an unexpected keyword argument 'market_type'

⏰ [2026-09-05 05:25:21] 正在获取伦敦金最新数据...
❌ 伦敦金监控任务异常: GoldFetcher.fetch_gold_history() got an unexpected keyword argument 'market_type'

⏰ [2026-09-05 05:30:21] 正在获取伦敦金最新数据...
❌ 伦敦金监控任务异常: GoldFetcher.fetch_gold_history() got an unexpected keyword argument 'market_type'

⏰ [2026-09-05 05:35:22] 正在获取伦敦金最新数据...
❌ 伦敦金监控任务异常: GoldFetcher.fetch_gold_history() got an unexpected keyword argument 'market_type'

⏰ [2026-09-05 05:40:22] 正在获取伦敦金最新数据...
❌ 伦敦金监控任务异常: GoldFetcher.fetch_gold_history() got an unexpected keyword argument 'market_type'

⏰ [2026-09-05 05:45:22] 正在获取伦敦金最新数据...
❌ 伦敦金监控任务异常: GoldFetcher.fetch_gold_history() got an unexpected keyword argument 'market_type'

⏰ [2026-09-05 05:50:22] 正在获取伦敦金最新数据...
❌ 伦敦金监控任务异常: GoldFetcher.fetch_gold_history() got an unexpected keyword argument 'market_type'

⏰ [2026-09-05 05:55:23] 正在获取伦敦金最新数据...
❌ 伦敦金监控任务异常: GoldFetcher.fetch_gold_history() got an unexpected keyword argument 'market_type'

⏰ [2026-09-05 06:00:23] 正在获取伦敦金最新数据...
❌ 伦敦金监控任务异常: GoldFetcher.fetch_gold_history() got an unexpected keyword argument 'market_type'

⏰ [2026-09-05 06:05:23] 正在获取伦敦金最新数据...
❌ 伦敦金监控任务异常: GoldFetcher.fetch_gold_history() got an unexpected keyword argument 'market_type'

⏰ [2026-09-05 06:10:24] 正在获取伦敦金最新数据...
❌ 伦敦金监控任务异常: GoldFetcher.fetch_gold_history() got an unexpected keyword argument 'market_type'

⏰ [2026-09-05 06:15:24] 正在获取伦敦金最新数据...
❌ 伦敦金监控任务异常: GoldFetcher.fetch_gold_history() got an unexpected keyword argument 'market_type'

⏰ [2026-09-05 06:20:24] 正在获取伦敦金最新数据...
❌ 伦敦金监控任务异常: GoldFetcher.fetch_gold_history() got an unexpected keyword argument 'market_type'

⏰ [2026-09-05 06:25:24] 正在获取伦敦金最新数据...
❌ 伦敦金监控任务异常: GoldFetcher.fetch_gold_history() got an unexpected keyword argument 'market_type'

⏰ [2026-09-05 06:30:25] 正在获取伦敦金最新数据...
❌ 伦敦金监控任务异常: GoldFetcher.fetch_gold_history() got an unexpected keyword argument 'market_type'

⏰ [2026-09-05 06:35:25] 正在获取伦敦金最新数据...
❌ 伦敦金监控任务异常: GoldFetcher.fetch_gold_history() got an unexpected keyword argument 'market_type'

⏰ [2026-09-05 06:40:25] 正在获取伦敦金最新数据...
❌ 伦敦金监控任务异常: GoldFetcher.fetch_gold_history() got an unexpected keyword argument 'market_type'

⏰ [2026-09-05 06:45:26] 正在获取伦敦金最新数据...
❌ 伦敦金监控任务异常: GoldFetcher.fetch_gold_history() got an unexpected keyword argument 'market_type'

⏰ [2026-09-05 06:50:26] 正在获取伦敦金最新数据...
❌ 伦敦金监控任务异常: GoldFetcher.fetch_gold_history() got an unexpected keyword argument 'market_type'

⏰ [2026-09-05 06:55:26] 正在获取伦敦金最新数据...
❌ 伦敦金监控任务异常: GoldFetcher.fetch_gold_history() got an unexpected keyword argument 'market_type'

⏰ [2026-09-05 07:00:26] 正在获取伦敦金最新数据...
❌ 伦敦金监控任务异常: GoldFetcher.fetch_gold_history() got an unexpected keyword argument 'market_type'

⏰ [2026-09-05 07:05:27] 正在获取伦敦金最新数据...
❌ 伦敦金监控任务异常: GoldFetcher.fetch_gold_history() got an unexpected keyword argument 'market_type'

⏰ [2026-09-05 07:10:27] 正在获取伦敦金最新数据...
❌ 伦敦金监控任务异常: GoldFetcher.fetch_gold_history() got an unexpected keyword argument 'market_type'

⏰ [2026-09-05 07:15:27] 正在获取伦敦金最新数据...
❌ 伦敦金监控任务异常: GoldFetcher.fetch_gold_history() got an unexpected keyword argument 'market_type'

⏰ [2026-09-05 07:20:27] 正在获取伦敦金最新数据...
❌ 伦敦金监控任务异常: GoldFetcher.fetch_gold_history() got an unexpected keyword argument 'market_type'

⏰ [2026-09-05 07:25:28] 正在获取伦敦金最新数据...
❌ 伦敦金监控任务异常: GoldFetcher.fetch_gold_history() got an unexpected keyword argument 'market_type'

⏰ [2026-09-05 07:30:28] 正在获取伦敦金最新数据...
❌ 伦敦金监控任务异常: GoldFetcher.fetch_gold_history() got an unexpected keyword argument 'market_type'

⏰ [2026-09-05 07:35:28] 正在获取伦敦金最新数据...
❌ 伦敦金监控任务异常: GoldFetcher.fetch_gold_history() got an unexpected keyword argument 'market_type'

⏰ [2026-09-05 07:40:29] 正在获取伦敦金最新数据...
❌ 伦敦金监控任务异常: GoldFetcher.fetch_gold_history() got an unexpected keyword argument 'market_type'

⏰ [2026-09-05 07:45:29] 正在获取伦敦金最新数据...
❌ 伦敦金监控任务异常: GoldFetcher.fetch_gold_history() got an unexpected keyword argument 'market_type'

⏰ [2026-09-05 07:50:29] 正在获取伦敦金最新数据...
❌ 伦敦金监控任务异常: GoldFetcher.fetch_gold_history() got an unexpected keyword argument 'market_type'

⏰ [2026-09-05 07:55:30] 正在获取伦敦金最新数据...
❌ 伦敦金监控任务异常: GoldFetcher.fetch_gold_history() got an unexpected keyword argument 'market_type'

⏰ [2026-09-05 08:00:30] 正在获取伦敦金最新数据...
❌ 伦敦金监控任务异常: GoldFetcher.fetch_gold_history() got an unexpected keyword argument 'market_type'

⏰ [2026-09-05 08:05:30] 正在获取伦敦金最新数据...
❌ 伦敦金监控任务异常: GoldFetcher.fetch_gold_history() got an unexpected keyword argument 'market_type'

⏰ [2026-09-05 08:10:30] 正在获取伦敦金最新数据...
❌ 伦敦金监控任务异常: GoldFetcher.fetch_gold_history() got an unexpected keyword argument 'market_type'

⏰ [2026-09-05 08:15:31] 正在获取伦敦金最新数据...
❌ 伦敦金监控任务异常: GoldFetcher.fetch_gold_history() got an unexpected keyword argument 'market_type'

⏰ [2026-09-05 08:20:31] 正在获取伦敦金最新数据...
❌ 伦敦金监控任务异常: GoldFetcher.fetch_gold_history() got an unexpected keyword argument 'market_type'

⏰ [2026-09-05 08:25:31] 正在获取伦敦金最新数据...
❌ 伦敦金监控任务异常: GoldFetcher.fetch_gold_history() got an unexpected keyword argument 'market_type'

⏰ [2026-09-05 08:30:32] 正在获取伦敦金最新数据...
❌ 伦敦金监控任务异常: GoldFetcher.fetch_gold_history() got an unexpected keyword argument 'market_type'

⏰ [2026-09-05 08:35:32] 正在获取伦敦金最新数据...
❌ 伦敦金监控任务异常: GoldFetcher.fetch_gold_history() got an unexpected keyword argument 'market_type'

⏰ [2026-09-05 08:40:32] 正在获取伦敦金最新数据...
❌ 伦敦金监控任务异常: GoldFetcher.fetch_gold_history() got an unexpected keyword argument 'market_type'

⏰ [2026-09-05 08:45:32] 正在获取伦敦金最新数据...
❌ 伦敦金监控任务异常: GoldFetcher.fetch_gold_history() got an unexpected keyword argument 'market_type'

⏰ [2026-09-05 08:50:33] 正在获取伦敦金最新数据...
❌ 伦敦金监控任务异常: GoldFetcher.fetch_gold_history() got an unexpected keyword argument 'market_type'

⏰ [2026-09-05 08:55:33] 正在获取伦敦金最新数据...
❌ 伦敦金监控任务异常: GoldFetcher.fetch_gold_history() got an unexpected keyword argument 'market_type'

⏰ [2026-09-05 09:00:33] 正在获取伦敦金最新数据...
❌ 伦敦金监控任务异常: GoldFetcher.fetch_gold_history() got an unexpected keyword argument 'market_type'

⏰ [2026-09-05 09:05:34] 正在获取伦敦金最新数据...
❌ 伦敦金监控任务异常: GoldFetcher.fetch_gold_history() got an unexpected keyword argument 'market_type'

⏰ [2026-09-05 09:10:34] 正在获取伦敦金最新数据...
❌ 伦敦金监控任务异常: GoldFetcher.fetch_gold_history() got an unexpected keyword argument 'market_type'

⏰ [2026-09-05 09:15:34] 正在获取伦敦金最新数据...
❌ 伦敦金监控任务异常: GoldFetcher.fetch_gold_history() got an unexpected keyword argument 'market_type'

⏰ [2026-09-05 09:20:35] 正在获取伦敦金最新数据...
❌ 伦敦金监控任务异常: GoldFetcher.fetch_gold_history() got an unexpected keyword argument 'market_type'

⏰ [2026-09-05 09:25:35] 正在获取伦敦金最新数据...
❌ 伦敦金监控任务异常: GoldFetcher.fetch_gold_history() got an unexpected keyword argument 'market_type'

⏰ [2026-09-05 09:30:35] 正在获取伦敦金最新数据...
❌ 伦敦金监控任务异常: GoldFetcher.fetch_gold_history() got an unexpected keyword argument 'market_type'

⏰ [2026-09-05 09:35:35] 正在获取伦敦金最新数据...
❌ 伦敦金监控任务异常: GoldFetcher.fetch_gold_history() got an unexpected keyword argument 'market_type'

⏰ [2026-09-05 09:40:36] 正在获取伦敦金最新数据...
❌ 伦敦金监控任务异常: GoldFetcher.fetch_gold_history() got an unexpected keyword argument 'market_type'

⏰ [2026-09-05 09:45:36] 正在获取伦敦金最新数据...
❌ 伦敦金监控任务异常: GoldFetcher.fetch_gold_history() got an unexpected keyword argument 'market_type'

⏰ [2026-09-05 09:50:36] 正在获取伦敦金最新数据...
❌ 伦敦金监控任务异常: GoldFetcher.fetch_gold_history() got an unexpected keyword argument 'market_type'

⏰ [2026-09-05 09:55:37] 正在获取伦敦金最新数据...
❌ 伦敦金监控任务异常: GoldFetcher.fetch_gold_history() got an unexpected keyword argument 'market_type'

⏰ [2026-09-05 10:00:37] 正在获取伦敦金最新数据...
❌ 伦敦金监控任务异常: GoldFetcher.fetch_gold_history() got an unexpected keyword argument 'market_type'

⏰ [2026-09-05 10:05:37] 正在获取伦敦金最新数据...
❌ 伦敦金监控任务异常: GoldFetcher.fetch_gold_history() got an unexpected keyword argument 'market_type'

⏰ [2026-09-05 10:10:37] 正在获取伦敦金最新数据...
❌ 伦敦金监控任务异常: GoldFetcher.fetch_gold_history() got an unexpected keyword argument 'market_type'

⏰ [2026-09-05 10:15:38] 正在获取伦敦金最新数据...
❌ 伦敦金监控任务异常: GoldFetcher.fetch_gold_history() got an unexpected keyword argument 'market_type'

⏰ [2026-09-05 10:20:38] 正在获取伦敦金最新数据...
❌ 伦敦金监控任务异常: GoldFetcher.fetch_gold_history() got an unexpected keyword argument 'market_type'

⏰ [2026-09-05 10:25:38] 正在获取伦敦金最新数据...
❌ 伦敦金监控任务异常: GoldFetcher.fetch_gold_history() got an unexpected keyword argument 'market_type'

⏰ [2026-09-05 10:30:38] 正在获取伦敦金最新数据...
❌ 伦敦金监控任务异常: GoldFetcher.fetch_gold_history() got an unexpected keyword argument 'market_type'

⏰ [2026-09-05 10:35:39] 正在获取伦敦金最新数据...
❌ 伦敦金监控任务异常: GoldFetcher.fetch_gold_history() got an unexpected keyword argument 'market_type'

⏰ [2026-09-05 10:40:39] 正在获取伦敦金最新数据...
❌ 伦敦金监控任务异常: GoldFetcher.fetch_gold_history() got an unexpected keyword argument 'market_type'

⏰ [2026-09-05 10:45:39] 正在获取伦敦金最新数据...
❌ 伦敦金监控任务异常: GoldFetcher.fetch_gold_history() got an unexpected keyword argument 'market_type'

⏰ [2026-09-05 10:50:40] 正在获取伦敦金最新数据...
❌ 伦敦金监控任务异常: GoldFetcher.fetch_gold_history() got an unexpected keyword argument 'market_type'

⏰ [2026-09-05 10:55:40] 正在获取伦敦金最新数据...
❌ 伦敦金监控任务异常: GoldFetcher.fetch_gold_history() got an unexpected keyword argument 'market_type'

⏰ [2026-09-05 11:00:40] 正在获取伦敦金最新数据...
❌ 伦敦金监控任务异常: GoldFetcher.fetch_gold_history() got an unexpected keyword argument 'market_type'

⏰ [2026-09-05 11:05:41] 正在获取伦敦金最新数据...
❌ 伦敦金监控任务异常: GoldFetcher.fetch_gold_history() got an unexpected keyword argument 'market_type'

⏰ [2026-09-05 11:10:41] 正在获取伦敦金最新数据...
❌ 伦敦金监控任务异常: GoldFetcher.fetch_gold_history() got an unexpected keyword argument 'market_type'

⏰ [2026-09-05 11:15:41] 正在获取伦敦金最新数据...
❌ 伦敦金监控任务异常: GoldFetcher.fetch_gold_history() got an unexpected keyword argument 'market_type'

⏰ [2026-09-05 11:20:41] 正在获取伦敦金最新数据...
❌ 伦敦金监控任务异常: GoldFetcher.fetch_gold_history() got an unexpected keyword argument 'market_type'

⏰ [2026-09-05 11:25:42] 正在获取伦敦金最新数据...
❌ 伦敦金监控任务异常: GoldFetcher.fetch_gold_history() got an unexpected keyword argument 'market_type'

⏰ [2026-09-05 11:30:42] 正在获取伦敦金最新数据...
❌ 伦敦金监控任务异常: GoldFetcher.fetch_gold_history() got an unexpected keyword argument 'market_type'

⏰ [2026-09-05 11:35:42] 正在获取伦敦金最新数据...
❌ 伦敦金监控任务异常: GoldFetcher.fetch_gold_history() got an unexpected keyword argument 'market_type'

⏰ [2026-09-05 11:40:43] 正在获取伦敦金最新数据...
❌ 伦敦金监控任务异常: GoldFetcher.fetch_gold_history() got an unexpected keyword argument 'market_type'

⏰ [2026-09-05 11:45:43] 正在获取伦敦金最新数据...
❌ 伦敦金监控任务异常: GoldFetcher.fetch_gold_history() got an unexpected keyword argument 'market_type'

⏰ [2026-09-05 11:50:43] 正在获取伦敦金最新数据...
❌ 伦敦金监控任务异常: GoldFetcher.fetch_gold_history() got an unexpected keyword argument 'market_type'

⏰ [2026-09-05 11:55:44] 正在获取伦敦金最新数据...
❌ 伦敦金监控任务异常: GoldFetcher.fetch_gold_history() got an unexpected keyword argument 'market_type'

⏰ [2026-09-05 12:00:44] 正在获取伦敦金最新数据...
❌ 伦敦金监控任务异常: GoldFetcher.fetch_gold_history() got an unexpected keyword argument 'market_type'

⏰ [2026-09-05 12:05:44] 正在获取伦敦金最新数据...
❌ 伦敦金监控任务异常: GoldFetcher.fetch_gold_history() got an unexpected keyword argument 'market_type'

⏰ [2026-09-05 12:10:44] 正在获取伦敦金最新数据...
❌ 伦敦金监控任务异常: GoldFetcher.fetch_gold_history() got an unexpected keyword argument 'market_type'

⏰ [2026-09-05 12:15:45] 正在获取伦敦金最新数据...
❌ 伦敦金监控任务异常: GoldFetcher.fetch_gold_history() got an unexpected keyword argument 'market_type'

⏰ [2026-09-05 12:20:45] 正在获取伦敦金最新数据...
❌ 伦敦金监控任务异常: GoldFetcher.fetch_gold_history() got an unexpected keyword argument 'market_type'

⏰ [2026-09-05 12:25:45] 正在获取伦敦金最新数据...
❌ 伦敦金监控任务异常: GoldFetcher.fetch_gold_history() got an unexpected keyword argument 'market_type'

⏰ [2026-09-05 12:30:46] 正在获取伦敦金最新数据...
❌ 伦敦金监控任务异常: GoldFetcher.fetch_gold_history() got an unexpected keyword argument 'market_type'

⏰ [2026-09-05 12:35:46] 正在获取伦敦金最新数据...
❌ 伦敦金监控任务异常: GoldFetcher.fetch_gold_history() got an unexpected keyword argument 'market_type'

⏰ [2026-09-05 12:40:46] 正在获取伦敦金最新数据...
❌ 伦敦金监控任务异常: GoldFetcher.fetch_gold_history() got an unexpected keyword argument 'market_type'

⏰ [2026-09-05 12:45:47] 正在获取伦敦金最新数据...
❌ 伦敦金监控任务异常: GoldFetcher.fetch_gold_history() got an unexpected keyword argument 'market_type'

⏰ [2026-09-05 12:50:47] 正在获取伦敦金最新数据...
❌ 伦敦金监控任务异常: GoldFetcher.fetch_gold_history() got an unexpected keyword argument 'market_type'

⏰ [2026-09-05 12:55:47] 正在获取伦敦金最新数据...
❌ 伦敦金监控任务异常: GoldFetcher.fetch_gold_history() got an unexpected keyword argument 'market_type'

⏰ [2026-09-05 13:00:48] 正在获取伦敦金最新数据...
❌ 伦敦金监控任务异常: GoldFetcher.fetch_gold_history() got an unexpected keyword argument 'market_type'

⏰ [2026-09-05 13:05:48] 正在获取伦敦金最新数据...
❌ 伦敦金监控任务异常: GoldFetcher.fetch_gold_history() got an unexpected keyword argument 'market_type'

⏰ [2026-09-05 13:10:48] 正在获取伦敦金最新数据...
❌ 伦敦金监控任务异常: GoldFetcher.fetch_gold_history() got an unexpected keyword argument 'market_type'

⏰ [2026-09-05 13:15:48] 正在获取伦敦金最新数据...
❌ 伦敦金监控任务异常: GoldFetcher.fetch_gold_history() got an unexpected keyword argument 'market_type'

⏰ [2026-09-05 13:20:49] 正在获取伦敦金最新数据...
❌ 伦敦金监控任务异常: GoldFetcher.fetch_gold_history() got an unexpected keyword argument 'market_type'

⏰ [2026-09-05 13:25:49] 正在获取伦敦金最新数据...
❌ 伦敦金监控任务异常: GoldFetcher.fetch_gold_history() got an unexpected keyword argument 'market_type'

⏰ [2026-09-05 13:30:49] 正在获取伦敦金最新数据...
❌ 伦敦金监控任务异常: GoldFetcher.fetch_gold_history() got an unexpected keyword argument 'market_type'

⏰ [2026-09-05 13:35:50] 正在获取伦敦金最新数据...
❌ 伦敦金监控任务异常: GoldFetcher.fetch_gold_history() got an unexpected keyword argument 'market_type'

⏰ [2026-09-05 13:40:50] 正在获取伦敦金最新数据...
❌ 伦敦金监控任务异常: GoldFetcher.fetch_gold_history() got an unexpected keyword argument 'market_type'

⏰ [2026-09-05 13:45:50] 正在获取伦敦金最新数据...
❌ 伦敦金监控任务异常: GoldFetcher.fetch_gold_history() got an unexpected keyword argument 'market_type'

⏰ [2026-09-05 13:50:51] 正在获取伦敦金最新数据...
❌ 伦敦金监控任务异常: GoldFetcher.fetch_gold_history() got an unexpected keyword argument 'market_type'

⏰ [2026-09-05 13:55:51] 正在获取伦敦金最新数据...
❌ 伦敦金监控任务异常: GoldFetcher.fetch_gold_history() got an unexpected keyword argument 'market_type'

⏰ [2026-09-05 14:00:51] 正在获取伦敦金最新数据...
❌ 伦敦金监控任务异常: GoldFetcher.fetch_gold_history() got an unexpected keyword argument 'market_type'

⏰ [2026-09-05 14:05:51] 正在获取伦敦金最新数据...
❌ 伦敦金监控任务异常: GoldFetcher.fetch_gold_history() got an unexpected keyword argument 'market_type'

⏰ [2026-09-05 14:10:52] 正在获取伦敦金最新数据...
❌ 伦敦金监控任务异常: GoldFetcher.fetch_gold_history() got an unexpected keyword argument 'market_type'

⏰ [2026-09-05 14:15:52] 正在获取伦敦金最新数据...
❌ 伦敦金监控任务异常: GoldFetcher.fetch_gold_history() got an unexpected keyword argument 'market_type'

⏰ [2026-09-05 14:20:52] 正在获取伦敦金最新数据...
❌ 伦敦金监控任务异常: GoldFetcher.fetch_gold_history() got an unexpected keyword argument 'market_type'

⏰ [2026-09-05 14:25:52] 正在获取伦敦金最新数据...
❌ 伦敦金监控任务异常: GoldFetcher.fetch_gold_history() got an unexpected keyword argument 'market_type'

⏰ [2026-09-05 14:30:53] 正在获取伦敦金最新数据...
❌ 伦敦金监控任务异常: GoldFetcher.fetch_gold_history() got an unexpected keyword argument 'market_type'

⏰ [2026-09-05 14:35:53] 正在获取伦敦金最新数据...
❌ 伦敦金监控任务异常: GoldFetcher.fetch_gold_history() got an unexpected keyword argument 'market_type'

⏰ [2026-09-05 14:40:53] 正在获取伦敦金最新数据...
❌ 伦敦金监控任务异常: GoldFetcher.fetch_gold_history() got an unexpected keyword argument 'market_type'

⏰ [2026-09-05 14:45:54] 正在获取伦敦金最新数据...
❌ 伦敦金监控任务异常: GoldFetcher.fetch_gold_history() got an unexpected keyword argument 'market_type'

⏰ [2026-09-05 14:50:54] 正在获取伦敦金最新数据...
❌ 伦敦金监控任务异常: GoldFetcher.fetch_gold_history() got an unexpected keyword argument 'market_type'
