nohup: ignoring input
☁️ 腾讯云数据库连接创建成功！
🚀 伦敦金 5 分钟独立监控服务已启动！
💡 提示：按 Ctrl+C 可安全停止服务。

⏰ [2026-09-06 02:08:43] 正在获取伦敦金最新数据...
🌍 正在从 AKShare 获取现货黄金数据...
=== 原始数据检查 ===
         date    open   close     low    high
0  2016-12-19  262.45  262.76  262.02  263.50
1  2016-12-20  262.88  262.06  261.42  263.70
2  2016-12-21  262.40  260.97  258.60  262.65
3  2016-12-22  261.18  260.00  259.05  261.18
4  2016-12-23  258.95  260.07  258.70  260.37
列名: ['date', 'open', 'close', 'low', 'high']
==================
🔍 伦敦金原始列名：['date', 'open', 'high', 'low', 'close']
⚠️ [伦敦金] 发现 17 条 OHLC 逻辑错误，已自动剔除。
🧼 伦敦金数据清洗完成！
⏩ 数据库表 [london_gold_5min] 已是最新，无需重复写入。
✅ 成功更新 2341 条有效数据到 [london_gold_5min]

⏰ [2026-09-06 02:13:44] 正在获取伦敦金最新数据...
🌍 正在从 AKShare 获取现货黄金数据...
=== 原始数据检查 ===
         date    open   close     low    high
0  2016-12-19  262.45  262.76  262.02  263.50
1  2016-12-20  262.88  262.06  261.42  263.70
2  2016-12-21  262.40  260.97  258.60  262.65
3  2016-12-22  261.18  260.00  259.05  261.18
4  2016-12-23  258.95  260.07  258.70  260.37
列名: ['date', 'open', 'close', 'low', 'high']
==================
🔍 伦敦金原始列名：['date', 'open', 'high', 'low', 'close']
⚠️ [伦敦金] 发现 17 条 OHLC 逻辑错误，已自动剔除。
🧼 伦敦金数据清洗完成！
⏩ 数据库表 [london_gold_5min] 已是最新，无需重复写入。
✅ 成功更新 2341 条有效数据到 [london_gold_5min]

⏰ [2026-09-06 02:18:45] 正在获取伦敦金最新数据...
🌍 正在从 AKShare 获取现货黄金数据...
=== 原始数据检查 ===
         date    open   close     low    high
0  2016-12-19  262.45  262.76  262.02  263.50
1  2016-12-20  262.88  262.06  261.42  263.70
2  2016-12-21  262.40  260.97  258.60  262.65
3  2016-12-22  261.18  260.00  259.05  261.18
4  2016-12-23  258.95  260.07  258.70  260.37
列名: ['date', 'open', 'close', 'low', 'high']
==================
🔍 伦敦金原始列名：['date', 'open', 'high', 'low', 'close']
⚠️ [伦敦金] 发现 17 条 OHLC 逻辑错误，已自动剔除。
🧼 伦敦金数据清洗完成！
⏩ 数据库表 [london_gold_5min] 已是最新，无需重复写入。
✅ 成功更新 2341 条有效数据到 [london_gold_5min]

⏰ [2026-09-06 02:23:45] 正在获取伦敦金最新数据...
🌍 正在从 AKShare 获取现货黄金数据...
=== 原始数据检查 ===
         date    open   close     low    high
0  2016-12-19  262.45  262.76  262.02  263.50
1  2016-12-20  262.88  262.06  261.42  263.70
2  2016-12-21  262.40  260.97  258.60  262.65
3  2016-12-22  261.18  260.00  259.05  261.18
4  2016-12-23  258.95  260.07  258.70  260.37
列名: ['date', 'open', 'close', 'low', 'high']
==================
🔍 伦敦金原始列名：['date', 'open', 'high', 'low', 'close']
⚠️ [伦敦金] 发现 17 条 OHLC 逻辑错误，已自动剔除。
🧼 伦敦金数据清洗完成！
⏩ 数据库表 [london_gold_5min] 已是最新，无需重复写入。
✅ 成功更新 2341 条有效数据到 [london_gold_5min]

⏰ [2026-09-06 02:28:46] 正在获取伦敦金最新数据...
🌍 正在从 AKShare 获取现货黄金数据...
=== 原始数据检查 ===
         date    open   close     low    high
0  2016-12-19  262.45  262.76  262.02  263.50
1  2016-12-20  262.88  262.06  261.42  263.70
2  2016-12-21  262.40  260.97  258.60  262.65
3  2016-12-22  261.18  260.00  259.05  261.18
4  2016-12-23  258.95  260.07  258.70  260.37
列名: ['date', 'open', 'close', 'low', 'high']
==================
🔍 伦敦金原始列名：['date', 'open', 'high', 'low', 'close']
⚠️ [伦敦金] 发现 17 条 OHLC 逻辑错误，已自动剔除。
🧼 伦敦金数据清洗完成！
⏩ 数据库表 [london_gold_5min] 已是最新，无需重复写入。
✅ 成功更新 2341 条有效数据到 [london_gold_5min]

⏰ [2026-09-06 02:33:46] 正在获取伦敦金最新数据...
🌍 正在从 AKShare 获取现货黄金数据...
=== 原始数据检查 ===
         date    open   close     low    high
0  2016-12-19  262.45  262.76  262.02  263.50
1  2016-12-20  262.88  262.06  261.42  263.70
2  2016-12-21  262.40  260.97  258.60  262.65
3  2016-12-22  261.18  260.00  259.05  261.18
4  2016-12-23  258.95  260.07  258.70  260.37
列名: ['date', 'open', 'close', 'low', 'high']
==================
🔍 伦敦金原始列名：['date', 'open', 'high', 'low', 'close']
⚠️ [伦敦金] 发现 17 条 OHLC 逻辑错误，已自动剔除。
🧼 伦敦金数据清洗完成！
⏩ 数据库表 [london_gold_5min] 已是最新，无需重复写入。
✅ 成功更新 2341 条有效数据到 [london_gold_5min]

⏰ [2026-09-06 02:38:47] 正在获取伦敦金最新数据...
🌍 正在从 AKShare 获取现货黄金数据...
=== 原始数据检查 ===
         date    open   close     low    high
0  2016-12-19  262.45  262.76  262.02  263.50
1  2016-12-20  262.88  262.06  261.42  263.70
2  2016-12-21  262.40  260.97  258.60  262.65
3  2016-12-22  261.18  260.00  259.05  261.18
4  2016-12-23  258.95  260.07  258.70  260.37
列名: ['date', 'open', 'close', 'low', 'high']
==================
🔍 伦敦金原始列名：['date', 'open', 'high', 'low', 'close']
⚠️ [伦敦金] 发现 17 条 OHLC 逻辑错误，已自动剔除。
🧼 伦敦金数据清洗完成！
⏩ 数据库表 [london_gold_5min] 已是最新，无需重复写入。
✅ 成功更新 2341 条有效数据到 [london_gold_5min]

⏰ [2026-09-06 02:43:48] 正在获取伦敦金最新数据...
🌍 正在从 AKShare 获取现货黄金数据...
=== 原始数据检查 ===
         date    open   close     low    high
0  2016-12-19  262.45  262.76  262.02  263.50
1  2016-12-20  262.88  262.06  261.42  263.70
2  2016-12-21  262.40  260.97  258.60  262.65
3  2016-12-22  261.18  260.00  259.05  261.18
4  2016-12-23  258.95  260.07  258.70  260.37
列名: ['date', 'open', 'close', 'low', 'high']
==================
🔍 伦敦金原始列名：['date', 'open', 'high', 'low', 'close']
⚠️ [伦敦金] 发现 17 条 OHLC 逻辑错误，已自动剔除。
🧼 伦敦金数据清洗完成！
⏩ 数据库表 [london_gold_5min] 已是最新，无需重复写入。
✅ 成功更新 2341 条有效数据到 [london_gold_5min]

⏰ [2026-09-06 02:48:49] 正在获取伦敦金最新数据...
🌍 正在从 AKShare 获取现货黄金数据...
=== 原始数据检查 ===
         date    open   close     low    high
0  2016-12-19  262.45  262.76  262.02  263.50
1  2016-12-20  262.88  262.06  261.42  263.70
2  2016-12-21  262.40  260.97  258.60  262.65
3  2016-12-22  261.18  260.00  259.05  261.18
4  2016-12-23  258.95  260.07  258.70  260.37
列名: ['date', 'open', 'close', 'low', 'high']
==================
🔍 伦敦金原始列名：['date', 'open', 'high', 'low', 'close']
⚠️ [伦敦金] 发现 17 条 OHLC 逻辑错误，已自动剔除。
🧼 伦敦金数据清洗完成！
⏩ 数据库表 [london_gold_5min] 已是最新，无需重复写入。
✅ 成功更新 2341 条有效数据到 [london_gold_5min]

⏰ [2026-09-06 02:53:49] 正在获取伦敦金最新数据...
🌍 正在从 AKShare 获取现货黄金数据...
=== 原始数据检查 ===
         date    open   close     low    high
0  2016-12-19  262.45  262.76  262.02  263.50
1  2016-12-20  262.88  262.06  261.42  263.70
2  2016-12-21  262.40  260.97  258.60  262.65
3  2016-12-22  261.18  260.00  259.05  261.18
4  2016-12-23  258.95  260.07  258.70  260.37
列名: ['date', 'open', 'close', 'low', 'high']
==================
🔍 伦敦金原始列名：['date', 'open', 'high', 'low', 'close']
⚠️ [伦敦金] 发现 17 条 OHLC 逻辑错误，已自动剔除。
🧼 伦敦金数据清洗完成！
⏩ 数据库表 [london_gold_5min] 已是最新，无需重复写入。
✅ 成功更新 2341 条有效数据到 [london_gold_5min]

⏰ [2026-09-06 02:58:50] 正在获取伦敦金最新数据...
🌍 正在从 AKShare 获取现货黄金数据...
=== 原始数据检查 ===
         date    open   close     low    high
0  2016-12-19  262.45  262.76  262.02  263.50
1  2016-12-20  262.88  262.06  261.42  263.70
2  2016-12-21  262.40  260.97  258.60  262.65
3  2016-12-22  261.18  260.00  259.05  261.18
4  2016-12-23  258.95  260.07  258.70  260.37
列名: ['date', 'open', 'close', 'low', 'high']
==================
🔍 伦敦金原始列名：['date', 'open', 'high', 'low', 'close']
⚠️ [伦敦金] 发现 17 条 OHLC 逻辑错误，已自动剔除。
🧼 伦敦金数据清洗完成！
⏩ 数据库表 [london_gold_5min] 已是最新，无需重复写入。
✅ 成功更新 2341 条有效数据到 [london_gold_5min]

⏰ [2026-09-06 03:03:50] 正在获取伦敦金最新数据...
🌍 正在从 AKShare 获取现货黄金数据...
=== 原始数据检查 ===
         date    open   close     low    high
0  2016-12-19  262.45  262.76  262.02  263.50
1  2016-12-20  262.88  262.06  261.42  263.70
2  2016-12-21  262.40  260.97  258.60  262.65
3  2016-12-22  261.18  260.00  259.05  261.18
4  2016-12-23  258.95  260.07  258.70  260.37
列名: ['date', 'open', 'close', 'low', 'high']
==================
🔍 伦敦金原始列名：['date', 'open', 'high', 'low', 'close']
⚠️ [伦敦金] 发现 17 条 OHLC 逻辑错误，已自动剔除。
🧼 伦敦金数据清洗完成！
⏩ 数据库表 [london_gold_5min] 已是最新，无需重复写入。
✅ 成功更新 2341 条有效数据到 [london_gold_5min]

⏰ [2026-09-06 03:08:51] 正在获取伦敦金最新数据...
🌍 正在从 AKShare 获取现货黄金数据...
=== 原始数据检查 ===
         date    open   close     low    high
0  2016-12-19  262.45  262.76  262.02  263.50
1  2016-12-20  262.88  262.06  261.42  263.70
2  2016-12-21  262.40  260.97  258.60  262.65
3  2016-12-22  261.18  260.00  259.05  261.18
4  2016-12-23  258.95  260.07  258.70  260.37
列名: ['date', 'open', 'close', 'low', 'high']
==================
🔍 伦敦金原始列名：['date', 'open', 'high', 'low', 'close']
⚠️ [伦敦金] 发现 17 条 OHLC 逻辑错误，已自动剔除。
🧼 伦敦金数据清洗完成！
⏩ 数据库表 [london_gold_5min] 已是最新，无需重复写入。
✅ 成功更新 2341 条有效数据到 [london_gold_5min]

⏰ [2026-09-06 03:13:52] 正在获取伦敦金最新数据...
🌍 正在从 AKShare 获取现货黄金数据...
=== 原始数据检查 ===
         date    open   close     low    high
0  2016-12-19  262.45  262.76  262.02  263.50
1  2016-12-20  262.88  262.06  261.42  263.70
2  2016-12-21  262.40  260.97  258.60  262.65
3  2016-12-22  261.18  260.00  259.05  261.18
4  2016-12-23  258.95  260.07  258.70  260.37
列名: ['date', 'open', 'close', 'low', 'high']
==================
🔍 伦敦金原始列名：['date', 'open', 'high', 'low', 'close']
⚠️ [伦敦金] 发现 17 条 OHLC 逻辑错误，已自动剔除。
🧼 伦敦金数据清洗完成！
⏩ 数据库表 [london_gold_5min] 已是最新，无需重复写入。
✅ 成功更新 2341 条有效数据到 [london_gold_5min]

⏰ [2026-09-06 03:18:52] 正在获取伦敦金最新数据...
🌍 正在从 AKShare 获取现货黄金数据...
=== 原始数据检查 ===
         date    open   close     low    high
0  2016-12-19  262.45  262.76  262.02  263.50
1  2016-12-20  262.88  262.06  261.42  263.70
2  2016-12-21  262.40  260.97  258.60  262.65
3  2016-12-22  261.18  260.00  259.05  261.18
4  2016-12-23  258.95  260.07  258.70  260.37
列名: ['date', 'open', 'close', 'low', 'high']
==================
🔍 伦敦金原始列名：['date', 'open', 'high', 'low', 'close']
⚠️ [伦敦金] 发现 17 条 OHLC 逻辑错误，已自动剔除。
🧼 伦敦金数据清洗完成！
⏩ 数据库表 [london_gold_5min] 已是最新，无需重复写入。
✅ 成功更新 2341 条有效数据到 [london_gold_5min]

⏰ [2026-09-06 03:23:53] 正在获取伦敦金最新数据...
🌍 正在从 AKShare 获取现货黄金数据...
=== 原始数据检查 ===
         date    open   close     low    high
0  2016-12-19  262.45  262.76  262.02  263.50
1  2016-12-20  262.88  262.06  261.42  263.70
2  2016-12-21  262.40  260.97  258.60  262.65
3  2016-12-22  261.18  260.00  259.05  261.18
4  2016-12-23  258.95  260.07  258.70  260.37
列名: ['date', 'open', 'close', 'low', 'high']
==================
🔍 伦敦金原始列名：['date', 'open', 'high', 'low', 'close']
⚠️ [伦敦金] 发现 17 条 OHLC 逻辑错误，已自动剔除。
🧼 伦敦金数据清洗完成！
⏩ 数据库表 [london_gold_5min] 已是最新，无需重复写入。
✅ 成功更新 2341 条有效数据到 [london_gold_5min]

⏰ [2026-09-06 03:28:54] 正在获取伦敦金最新数据...
🌍 正在从 AKShare 获取现货黄金数据...
=== 原始数据检查 ===
         date    open   close     low    high
0  2016-12-19  262.45  262.76  262.02  263.50
1  2016-12-20  262.88  262.06  261.42  263.70
2  2016-12-21  262.40  260.97  258.60  262.65
3  2016-12-22  261.18  260.00  259.05  261.18
4  2016-12-23  258.95  260.07  258.70  260.37
列名: ['date', 'open', 'close', 'low', 'high']
==================
🔍 伦敦金原始列名：['date', 'open', 'high', 'low', 'close']
⚠️ [伦敦金] 发现 17 条 OHLC 逻辑错误，已自动剔除。
🧼 伦敦金数据清洗完成！
⏩ 数据库表 [london_gold_5min] 已是最新，无需重复写入。
✅ 成功更新 2341 条有效数据到 [london_gold_5min]

⏰ [2026-09-06 03:33:54] 正在获取伦敦金最新数据...
🌍 正在从 AKShare 获取现货黄金数据...
=== 原始数据检查 ===
         date    open   close     low    high
0  2016-12-19  262.45  262.76  262.02  263.50
1  2016-12-20  262.88  262.06  261.42  263.70
2  2016-12-21  262.40  260.97  258.60  262.65
3  2016-12-22  261.18  260.00  259.05  261.18
4  2016-12-23  258.95  260.07  258.70  260.37
列名: ['date', 'open', 'close', 'low', 'high']
==================
🔍 伦敦金原始列名：['date', 'open', 'high', 'low', 'close']
⚠️ [伦敦金] 发现 17 条 OHLC 逻辑错误，已自动剔除。
🧼 伦敦金数据清洗完成！
⏩ 数据库表 [london_gold_5min] 已是最新，无需重复写入。
✅ 成功更新 2341 条有效数据到 [london_gold_5min]

⏰ [2026-09-06 03:38:55] 正在获取伦敦金最新数据...
🌍 正在从 AKShare 获取现货黄金数据...
=== 原始数据检查 ===
         date    open   close     low    high
0  2016-12-19  262.45  262.76  262.02  263.50
1  2016-12-20  262.88  262.06  261.42  263.70
2  2016-12-21  262.40  260.97  258.60  262.65
3  2016-12-22  261.18  260.00  259.05  261.18
4  2016-12-23  258.95  260.07  258.70  260.37
列名: ['date', 'open', 'close', 'low', 'high']
==================
🔍 伦敦金原始列名：['date', 'open', 'high', 'low', 'close']
⚠️ [伦敦金] 发现 17 条 OHLC 逻辑错误，已自动剔除。
🧼 伦敦金数据清洗完成！
⏩ 数据库表 [london_gold_5min] 已是最新，无需重复写入。
✅ 成功更新 2341 条有效数据到 [london_gold_5min]

⏰ [2026-09-06 03:43:55] 正在获取伦敦金最新数据...
🌍 正在从 AKShare 获取现货黄金数据...
=== 原始数据检查 ===
         date    open   close     low    high
0  2016-12-19  262.45  262.76  262.02  263.50
1  2016-12-20  262.88  262.06  261.42  263.70
2  2016-12-21  262.40  260.97  258.60  262.65
3  2016-12-22  261.18  260.00  259.05  261.18
4  2016-12-23  258.95  260.07  258.70  260.37
列名: ['date', 'open', 'close', 'low', 'high']
==================
🔍 伦敦金原始列名：['date', 'open', 'high', 'low', 'close']
⚠️ [伦敦金] 发现 17 条 OHLC 逻辑错误，已自动剔除。
🧼 伦敦金数据清洗完成！
⏩ 数据库表 [london_gold_5min] 已是最新，无需重复写入。
✅ 成功更新 2341 条有效数据到 [london_gold_5min]

⏰ [2026-09-06 03:48:56] 正在获取伦敦金最新数据...
🌍 正在从 AKShare 获取现货黄金数据...
=== 原始数据检查 ===
         date    open   close     low    high
0  2016-12-19  262.45  262.76  262.02  263.50
1  2016-12-20  262.88  262.06  261.42  263.70
2  2016-12-21  262.40  260.97  258.60  262.65
3  2016-12-22  261.18  260.00  259.05  261.18
4  2016-12-23  258.95  260.07  258.70  260.37
列名: ['date', 'open', 'close', 'low', 'high']
==================
🔍 伦敦金原始列名：['date', 'open', 'high', 'low', 'close']
⚠️ [伦敦金] 发现 17 条 OHLC 逻辑错误，已自动剔除。
🧼 伦敦金数据清洗完成！
⏩ 数据库表 [london_gold_5min] 已是最新，无需重复写入。
✅ 成功更新 2341 条有效数据到 [london_gold_5min]

⏰ [2026-09-06 03:53:57] 正在获取伦敦金最新数据...
🌍 正在从 AKShare 获取现货黄金数据...
=== 原始数据检查 ===
         date    open   close     low    high
0  2016-12-19  262.45  262.76  262.02  263.50
1  2016-12-20  262.88  262.06  261.42  263.70
2  2016-12-21  262.40  260.97  258.60  262.65
3  2016-12-22  261.18  260.00  259.05  261.18
4  2016-12-23  258.95  260.07  258.70  260.37
列名: ['date', 'open', 'close', 'low', 'high']
==================
🔍 伦敦金原始列名：['date', 'open', 'high', 'low', 'close']
⚠️ [伦敦金] 发现 17 条 OHLC 逻辑错误，已自动剔除。
🧼 伦敦金数据清洗完成！
⏩ 数据库表 [london_gold_5min] 已是最新，无需重复写入。
✅ 成功更新 2341 条有效数据到 [london_gold_5min]

⏰ [2026-09-06 03:58:57] 正在获取伦敦金最新数据...
🌍 正在从 AKShare 获取现货黄金数据...
=== 原始数据检查 ===
         date    open   close     low    high
0  2016-12-19  262.45  262.76  262.02  263.50
1  2016-12-20  262.88  262.06  261.42  263.70
2  2016-12-21  262.40  260.97  258.60  262.65
3  2016-12-22  261.18  260.00  259.05  261.18
4  2016-12-23  258.95  260.07  258.70  260.37
列名: ['date', 'open', 'close', 'low', 'high']
==================
🔍 伦敦金原始列名：['date', 'open', 'high', 'low', 'close']
⚠️ [伦敦金] 发现 17 条 OHLC 逻辑错误，已自动剔除。
🧼 伦敦金数据清洗完成！
⏩ 数据库表 [london_gold_5min] 已是最新，无需重复写入。
✅ 成功更新 2341 条有效数据到 [london_gold_5min]

⏰ [2026-09-06 04:03:58] 正在获取伦敦金最新数据...
🌍 正在从 AKShare 获取现货黄金数据...
=== 原始数据检查 ===
         date    open   close     low    high
0  2016-12-19  262.45  262.76  262.02  263.50
1  2016-12-20  262.88  262.06  261.42  263.70
2  2016-12-21  262.40  260.97  258.60  262.65
3  2016-12-22  261.18  260.00  259.05  261.18
4  2016-12-23  258.95  260.07  258.70  260.37
列名: ['date', 'open', 'close', 'low', 'high']
==================
🔍 伦敦金原始列名：['date', 'open', 'high', 'low', 'close']
⚠️ [伦敦金] 发现 17 条 OHLC 逻辑错误，已自动剔除。
🧼 伦敦金数据清洗完成！
⏩ 数据库表 [london_gold_5min] 已是最新，无需重复写入。
✅ 成功更新 2341 条有效数据到 [london_gold_5min]

⏰ [2026-09-06 04:08:59] 正在获取伦敦金最新数据...
🌍 正在从 AKShare 获取现货黄金数据...
=== 原始数据检查 ===
         date    open   close     low    high
0  2016-12-19  262.45  262.76  262.02  263.50
1  2016-12-20  262.88  262.06  261.42  263.70
2  2016-12-21  262.40  260.97  258.60  262.65
3  2016-12-22  261.18  260.00  259.05  261.18
4  2016-12-23  258.95  260.07  258.70  260.37
列名: ['date', 'open', 'close', 'low', 'high']
==================
🔍 伦敦金原始列名：['date', 'open', 'high', 'low', 'close']
⚠️ [伦敦金] 发现 17 条 OHLC 逻辑错误，已自动剔除。
🧼 伦敦金数据清洗完成！
⏩ 数据库表 [london_gold_5min] 已是最新，无需重复写入。
✅ 成功更新 2341 条有效数据到 [london_gold_5min]

⏰ [2026-09-06 04:13:59] 正在获取伦敦金最新数据...
🌍 正在从 AKShare 获取现货黄金数据...
=== 原始数据检查 ===
         date    open   close     low    high
0  2016-12-19  262.45  262.76  262.02  263.50
1  2016-12-20  262.88  262.06  261.42  263.70
2  2016-12-21  262.40  260.97  258.60  262.65
3  2016-12-22  261.18  260.00  259.05  261.18
4  2016-12-23  258.95  260.07  258.70  260.37
列名: ['date', 'open', 'close', 'low', 'high']
==================
🔍 伦敦金原始列名：['date', 'open', 'high', 'low', 'close']
⚠️ [伦敦金] 发现 17 条 OHLC 逻辑错误，已自动剔除。
🧼 伦敦金数据清洗完成！
⏩ 数据库表 [london_gold_5min] 已是最新，无需重复写入。
✅ 成功更新 2341 条有效数据到 [london_gold_5min]

⏰ [2026-09-06 04:19:00] 正在获取伦敦金最新数据...
🌍 正在从 AKShare 获取现货黄金数据...
=== 原始数据检查 ===
         date    open   close     low    high
0  2016-12-19  262.45  262.76  262.02  263.50
1  2016-12-20  262.88  262.06  261.42  263.70
2  2016-12-21  262.40  260.97  258.60  262.65
3  2016-12-22  261.18  260.00  259.05  261.18
4  2016-12-23  258.95  260.07  258.70  260.37
列名: ['date', 'open', 'close', 'low', 'high']
==================
🔍 伦敦金原始列名：['date', 'open', 'high', 'low', 'close']
⚠️ [伦敦金] 发现 17 条 OHLC 逻辑错误，已自动剔除。
🧼 伦敦金数据清洗完成！
⏩ 数据库表 [london_gold_5min] 已是最新，无需重复写入。
✅ 成功更新 2341 条有效数据到 [london_gold_5min]

⏰ [2026-09-06 04:24:00] 正在获取伦敦金最新数据...
🌍 正在从 AKShare 获取现货黄金数据...
=== 原始数据检查 ===
         date    open   close     low    high
0  2016-12-19  262.45  262.76  262.02  263.50
1  2016-12-20  262.88  262.06  261.42  263.70
2  2016-12-21  262.40  260.97  258.60  262.65
3  2016-12-22  261.18  260.00  259.05  261.18
4  2016-12-23  258.95  260.07  258.70  260.37
列名: ['date', 'open', 'close', 'low', 'high']
==================
🔍 伦敦金原始列名：['date', 'open', 'high', 'low', 'close']
⚠️ [伦敦金] 发现 17 条 OHLC 逻辑错误，已自动剔除。
🧼 伦敦金数据清洗完成！
⏩ 数据库表 [london_gold_5min] 已是最新，无需重复写入。
✅ 成功更新 2341 条有效数据到 [london_gold_5min]

⏰ [2026-09-06 04:29:01] 正在获取伦敦金最新数据...
🌍 正在从 AKShare 获取现货黄金数据...
=== 原始数据检查 ===
         date    open   close     low    high
0  2016-12-19  262.45  262.76  262.02  263.50
1  2016-12-20  262.88  262.06  261.42  263.70
2  2016-12-21  262.40  260.97  258.60  262.65
3  2016-12-22  261.18  260.00  259.05  261.18
4  2016-12-23  258.95  260.07  258.70  260.37
列名: ['date', 'open', 'close', 'low', 'high']
==================
🔍 伦敦金原始列名：['date', 'open', 'high', 'low', 'close']
⚠️ [伦敦金] 发现 17 条 OHLC 逻辑错误，已自动剔除。
🧼 伦敦金数据清洗完成！
⏩ 数据库表 [london_gold_5min] 已是最新，无需重复写入。
✅ 成功更新 2341 条有效数据到 [london_gold_5min]

⏰ [2026-09-06 04:34:02] 正在获取伦敦金最新数据...
🌍 正在从 AKShare 获取现货黄金数据...
=== 原始数据检查 ===
         date    open   close     low    high
0  2016-12-19  262.45  262.76  262.02  263.50
1  2016-12-20  262.88  262.06  261.42  263.70
2  2016-12-21  262.40  260.97  258.60  262.65
3  2016-12-22  261.18  260.00  259.05  261.18
4  2016-12-23  258.95  260.07  258.70  260.37
列名: ['date', 'open', 'close', 'low', 'high']
==================
🔍 伦敦金原始列名：['date', 'open', 'high', 'low', 'close']
⚠️ [伦敦金] 发现 17 条 OHLC 逻辑错误，已自动剔除。
🧼 伦敦金数据清洗完成！
⏩ 数据库表 [london_gold_5min] 已是最新，无需重复写入。
✅ 成功更新 2341 条有效数据到 [london_gold_5min]

⏰ [2026-09-06 04:39:02] 正在获取伦敦金最新数据...
🌍 正在从 AKShare 获取现货黄金数据...
=== 原始数据检查 ===
         date    open   close     low    high
0  2016-12-19  262.45  262.76  262.02  263.50
1  2016-12-20  262.88  262.06  261.42  263.70
2  2016-12-21  262.40  260.97  258.60  262.65
3  2016-12-22  261.18  260.00  259.05  261.18
4  2016-12-23  258.95  260.07  258.70  260.37
列名: ['date', 'open', 'close', 'low', 'high']
==================
🔍 伦敦金原始列名：['date', 'open', 'high', 'low', 'close']
⚠️ [伦敦金] 发现 17 条 OHLC 逻辑错误，已自动剔除。
🧼 伦敦金数据清洗完成！
⏩ 数据库表 [london_gold_5min] 已是最新，无需重复写入。
✅ 成功更新 2341 条有效数据到 [london_gold_5min]

⏰ [2026-09-06 04:44:03] 正在获取伦敦金最新数据...
🌍 正在从 AKShare 获取现货黄金数据...
=== 原始数据检查 ===
         date    open   close     low    high
0  2016-12-19  262.45  262.76  262.02  263.50
1  2016-12-20  262.88  262.06  261.42  263.70
2  2016-12-21  262.40  260.97  258.60  262.65
3  2016-12-22  261.18  260.00  259.05  261.18
4  2016-12-23  258.95  260.07  258.70  260.37
列名: ['date', 'open', 'close', 'low', 'high']
==================
🔍 伦敦金原始列名：['date', 'open', 'high', 'low', 'close']
⚠️ [伦敦金] 发现 17 条 OHLC 逻辑错误，已自动剔除。
🧼 伦敦金数据清洗完成！
⏩ 数据库表 [london_gold_5min] 已是最新，无需重复写入。
✅ 成功更新 2341 条有效数据到 [london_gold_5min]

⏰ [2026-09-06 04:49:03] 正在获取伦敦金最新数据...
🌍 正在从 AKShare 获取现货黄金数据...
=== 原始数据检查 ===
         date    open   close     low    high
0  2016-12-19  262.45  262.76  262.02  263.50
1  2016-12-20  262.88  262.06  261.42  263.70
2  2016-12-21  262.40  260.97  258.60  262.65
3  2016-12-22  261.18  260.00  259.05  261.18
4  2016-12-23  258.95  260.07  258.70  260.37
列名: ['date', 'open', 'close', 'low', 'high']
==================
🔍 伦敦金原始列名：['date', 'open', 'high', 'low', 'close']
⚠️ [伦敦金] 发现 17 条 OHLC 逻辑错误，已自动剔除。
🧼 伦敦金数据清洗完成！
⏩ 数据库表 [london_gold_5min] 已是最新，无需重复写入。
✅ 成功更新 2341 条有效数据到 [london_gold_5min]

⏰ [2026-09-06 04:54:04] 正在获取伦敦金最新数据...
🌍 正在从 AKShare 获取现货黄金数据...
=== 原始数据检查 ===
         date    open   close     low    high
0  2016-12-19  262.45  262.76  262.02  263.50
1  2016-12-20  262.88  262.06  261.42  263.70
2  2016-12-21  262.40  260.97  258.60  262.65
3  2016-12-22  261.18  260.00  259.05  261.18
4  2016-12-23  258.95  260.07  258.70  260.37
列名: ['date', 'open', 'close', 'low', 'high']
==================
🔍 伦敦金原始列名：['date', 'open', 'high', 'low', 'close']
⚠️ [伦敦金] 发现 17 条 OHLC 逻辑错误，已自动剔除。
🧼 伦敦金数据清洗完成！
⏩ 数据库表 [london_gold_5min] 已是最新，无需重复写入。
✅ 成功更新 2341 条有效数据到 [london_gold_5min]

⏰ [2026-09-06 04:59:05] 正在获取伦敦金最新数据...
🌍 正在从 AKShare 获取现货黄金数据...
=== 原始数据检查 ===
         date    open   close     low    high
0  2016-12-19  262.45  262.76  262.02  263.50
1  2016-12-20  262.88  262.06  261.42  263.70
2  2016-12-21  262.40  260.97  258.60  262.65
3  2016-12-22  261.18  260.00  259.05  261.18
4  2016-12-23  258.95  260.07  258.70  260.37
列名: ['date', 'open', 'close', 'low', 'high']
==================
🔍 伦敦金原始列名：['date', 'open', 'high', 'low', 'close']
⚠️ [伦敦金] 发现 17 条 OHLC 逻辑错误，已自动剔除。
🧼 伦敦金数据清洗完成！
⏩ 数据库表 [london_gold_5min] 已是最新，无需重复写入。
✅ 成功更新 2341 条有效数据到 [london_gold_5min]

⏰ [2026-09-06 05:04:05] 正在获取伦敦金最新数据...
🌍 正在从 AKShare 获取现货黄金数据...
=== 原始数据检查 ===
         date    open   close     low    high
0  2016-12-19  262.45  262.76  262.02  263.50
1  2016-12-20  262.88  262.06  261.42  263.70
2  2016-12-21  262.40  260.97  258.60  262.65
3  2016-12-22  261.18  260.00  259.05  261.18
4  2016-12-23  258.95  260.07  258.70  260.37
列名: ['date', 'open', 'close', 'low', 'high']
==================
🔍 伦敦金原始列名：['date', 'open', 'high', 'low', 'close']
⚠️ [伦敦金] 发现 17 条 OHLC 逻辑错误，已自动剔除。
🧼 伦敦金数据清洗完成！
⏩ 数据库表 [london_gold_5min] 已是最新，无需重复写入。
✅ 成功更新 2341 条有效数据到 [london_gold_5min]

⏰ [2026-09-06 05:09:06] 正在获取伦敦金最新数据...
🌍 正在从 AKShare 获取现货黄金数据...
=== 原始数据检查 ===
         date    open   close     low    high
0  2016-12-19  262.45  262.76  262.02  263.50
1  2016-12-20  262.88  262.06  261.42  263.70
2  2016-12-21  262.40  260.97  258.60  262.65
3  2016-12-22  261.18  260.00  259.05  261.18
4  2016-12-23  258.95  260.07  258.70  260.37
列名: ['date', 'open', 'close', 'low', 'high']
==================
🔍 伦敦金原始列名：['date', 'open', 'high', 'low', 'close']
⚠️ [伦敦金] 发现 17 条 OHLC 逻辑错误，已自动剔除。
🧼 伦敦金数据清洗完成！
⏩ 数据库表 [london_gold_5min] 已是最新，无需重复写入。
✅ 成功更新 2341 条有效数据到 [london_gold_5min]

⏰ [2026-09-06 05:14:07] 正在获取伦敦金最新数据...
🌍 正在从 AKShare 获取现货黄金数据...
=== 原始数据检查 ===
         date    open   close     low    high
0  2016-12-19  262.45  262.76  262.02  263.50
1  2016-12-20  262.88  262.06  261.42  263.70
2  2016-12-21  262.40  260.97  258.60  262.65
3  2016-12-22  261.18  260.00  259.05  261.18
4  2016-12-23  258.95  260.07  258.70  260.37
列名: ['date', 'open', 'close', 'low', 'high']
==================
🔍 伦敦金原始列名：['date', 'open', 'high', 'low', 'close']
⚠️ [伦敦金] 发现 17 条 OHLC 逻辑错误，已自动剔除。
🧼 伦敦金数据清洗完成！
⏩ 数据库表 [london_gold_5min] 已是最新，无需重复写入。
✅ 成功更新 2341 条有效数据到 [london_gold_5min]

⏰ [2026-09-06 05:19:07] 正在获取伦敦金最新数据...
🌍 正在从 AKShare 获取现货黄金数据...
=== 原始数据检查 ===
         date    open   close     low    high
0  2016-12-19  262.45  262.76  262.02  263.50
1  2016-12-20  262.88  262.06  261.42  263.70
2  2016-12-21  262.40  260.97  258.60  262.65
3  2016-12-22  261.18  260.00  259.05  261.18
4  2016-12-23  258.95  260.07  258.70  260.37
列名: ['date', 'open', 'close', 'low', 'high']
==================
🔍 伦敦金原始列名：['date', 'open', 'high', 'low', 'close']
⚠️ [伦敦金] 发现 17 条 OHLC 逻辑错误，已自动剔除。
🧼 伦敦金数据清洗完成！
⏩ 数据库表 [london_gold_5min] 已是最新，无需重复写入。
✅ 成功更新 2341 条有效数据到 [london_gold_5min]

⏰ [2026-09-06 05:24:08] 正在获取伦敦金最新数据...
🌍 正在从 AKShare 获取现货黄金数据...
=== 原始数据检查 ===
         date    open   close     low    high
0  2016-12-19  262.45  262.76  262.02  263.50
1  2016-12-20  262.88  262.06  261.42  263.70
2  2016-12-21  262.40  260.97  258.60  262.65
3  2016-12-22  261.18  260.00  259.05  261.18
4  2016-12-23  258.95  260.07  258.70  260.37
列名: ['date', 'open', 'close', 'low', 'high']
==================
🔍 伦敦金原始列名：['date', 'open', 'high', 'low', 'close']
⚠️ [伦敦金] 发现 17 条 OHLC 逻辑错误，已自动剔除。
🧼 伦敦金数据清洗完成！
⏩ 数据库表 [london_gold_5min] 已是最新，无需重复写入。
✅ 成功更新 2341 条有效数据到 [london_gold_5min]

⏰ [2026-09-06 05:29:09] 正在获取伦敦金最新数据...
🌍 正在从 AKShare 获取现货黄金数据...
=== 原始数据检查 ===
         date    open   close     low    high
0  2016-12-19  262.45  262.76  262.02  263.50
1  2016-12-20  262.88  262.06  261.42  263.70
2  2016-12-21  262.40  260.97  258.60  262.65
3  2016-12-22  261.18  260.00  259.05  261.18
4  2016-12-23  258.95  260.07  258.70  260.37
列名: ['date', 'open', 'close', 'low', 'high']
==================
🔍 伦敦金原始列名：['date', 'open', 'high', 'low', 'close']
⚠️ [伦敦金] 发现 17 条 OHLC 逻辑错误，已自动剔除。
🧼 伦敦金数据清洗完成！
⏩ 数据库表 [london_gold_5min] 已是最新，无需重复写入。
✅ 成功更新 2341 条有效数据到 [london_gold_5min]

⏰ [2026-09-06 05:34:09] 正在获取伦敦金最新数据...
🌍 正在从 AKShare 获取现货黄金数据...
=== 原始数据检查 ===
         date    open   close     low    high
0  2016-12-19  262.45  262.76  262.02  263.50
1  2016-12-20  262.88  262.06  261.42  263.70
2  2016-12-21  262.40  260.97  258.60  262.65
3  2016-12-22  261.18  260.00  259.05  261.18
4  2016-12-23  258.95  260.07  258.70  260.37
列名: ['date', 'open', 'close', 'low', 'high']
==================
🔍 伦敦金原始列名：['date', 'open', 'high', 'low', 'close']
⚠️ [伦敦金] 发现 17 条 OHLC 逻辑错误，已自动剔除。
🧼 伦敦金数据清洗完成！
⏩ 数据库表 [london_gold_5min] 已是最新，无需重复写入。
✅ 成功更新 2341 条有效数据到 [london_gold_5min]

⏰ [2026-09-06 05:39:10] 正在获取伦敦金最新数据...
🌍 正在从 AKShare 获取现货黄金数据...
=== 原始数据检查 ===
         date    open   close     low    high
0  2016-12-19  262.45  262.76  262.02  263.50
1  2016-12-20  262.88  262.06  261.42  263.70
2  2016-12-21  262.40  260.97  258.60  262.65
3  2016-12-22  261.18  260.00  259.05  261.18
4  2016-12-23  258.95  260.07  258.70  260.37
列名: ['date', 'open', 'close', 'low', 'high']
==================
🔍 伦敦金原始列名：['date', 'open', 'high', 'low', 'close']
⚠️ [伦敦金] 发现 17 条 OHLC 逻辑错误，已自动剔除。
🧼 伦敦金数据清洗完成！
⏩ 数据库表 [london_gold_5min] 已是最新，无需重复写入。
✅ 成功更新 2341 条有效数据到 [london_gold_5min]

⏰ [2026-09-06 05:44:10] 正在获取伦敦金最新数据...
🌍 正在从 AKShare 获取现货黄金数据...
=== 原始数据检查 ===
         date    open   close     low    high
0  2016-12-19  262.45  262.76  262.02  263.50
1  2016-12-20  262.88  262.06  261.42  263.70
2  2016-12-21  262.40  260.97  258.60  262.65
3  2016-12-22  261.18  260.00  259.05  261.18
4  2016-12-23  258.95  260.07  258.70  260.37
列名: ['date', 'open', 'close', 'low', 'high']
==================
🔍 伦敦金原始列名：['date', 'open', 'high', 'low', 'close']
⚠️ [伦敦金] 发现 17 条 OHLC 逻辑错误，已自动剔除。
🧼 伦敦金数据清洗完成！
⏩ 数据库表 [london_gold_5min] 已是最新，无需重复写入。
✅ 成功更新 2341 条有效数据到 [london_gold_5min]

⏰ [2026-09-06 05:49:11] 正在获取伦敦金最新数据...
🌍 正在从 AKShare 获取现货黄金数据...
=== 原始数据检查 ===
         date    open   close     low    high
0  2016-12-19  262.45  262.76  262.02  263.50
1  2016-12-20  262.88  262.06  261.42  263.70
2  2016-12-21  262.40  260.97  258.60  262.65
3  2016-12-22  261.18  260.00  259.05  261.18
4  2016-12-23  258.95  260.07  258.70  260.37
列名: ['date', 'open', 'close', 'low', 'high']
==================
🔍 伦敦金原始列名：['date', 'open', 'high', 'low', 'close']
⚠️ [伦敦金] 发现 17 条 OHLC 逻辑错误，已自动剔除。
🧼 伦敦金数据清洗完成！
⏩ 数据库表 [london_gold_5min] 已是最新，无需重复写入。
✅ 成功更新 2341 条有效数据到 [london_gold_5min]

⏰ [2026-09-06 05:54:12] 正在获取伦敦金最新数据...
🌍 正在从 AKShare 获取现货黄金数据...
=== 原始数据检查 ===
         date    open   close     low    high
0  2016-12-19  262.45  262.76  262.02  263.50
1  2016-12-20  262.88  262.06  261.42  263.70
2  2016-12-21  262.40  260.97  258.60  262.65
3  2016-12-22  261.18  260.00  259.05  261.18
4  2016-12-23  258.95  260.07  258.70  260.37
列名: ['date', 'open', 'close', 'low', 'high']
==================
🔍 伦敦金原始列名：['date', 'open', 'high', 'low', 'close']
⚠️ [伦敦金] 发现 17 条 OHLC 逻辑错误，已自动剔除。
🧼 伦敦金数据清洗完成！
⏩ 数据库表 [london_gold_5min] 已是最新，无需重复写入。
✅ 成功更新 2341 条有效数据到 [london_gold_5min]

⏰ [2026-09-06 05:59:12] 正在获取伦敦金最新数据...
🌍 正在从 AKShare 获取现货黄金数据...
=== 原始数据检查 ===
         date    open   close     low    high
0  2016-12-19  262.45  262.76  262.02  263.50
1  2016-12-20  262.88  262.06  261.42  263.70
2  2016-12-21  262.40  260.97  258.60  262.65
3  2016-12-22  261.18  260.00  259.05  261.18
4  2016-12-23  258.95  260.07  258.70  260.37
列名: ['date', 'open', 'close', 'low', 'high']
==================
🔍 伦敦金原始列名：['date', 'open', 'high', 'low', 'close']
⚠️ [伦敦金] 发现 17 条 OHLC 逻辑错误，已自动剔除。
🧼 伦敦金数据清洗完成！
⏩ 数据库表 [london_gold_5min] 已是最新，无需重复写入。
✅ 成功更新 2341 条有效数据到 [london_gold_5min]

⏰ [2026-09-06 06:04:13] 正在获取伦敦金最新数据...
🌍 正在从 AKShare 获取现货黄金数据...
=== 原始数据检查 ===
         date    open   close     low    high
0  2016-12-19  262.45  262.76  262.02  263.50
1  2016-12-20  262.88  262.06  261.42  263.70
2  2016-12-21  262.40  260.97  258.60  262.65
3  2016-12-22  261.18  260.00  259.05  261.18
4  2016-12-23  258.95  260.07  258.70  260.37
列名: ['date', 'open', 'close', 'low', 'high']
==================
🔍 伦敦金原始列名：['date', 'open', 'high', 'low', 'close']
⚠️ [伦敦金] 发现 17 条 OHLC 逻辑错误，已自动剔除。
🧼 伦敦金数据清洗完成！
⏩ 数据库表 [london_gold_5min] 已是最新，无需重复写入。
✅ 成功更新 2341 条有效数据到 [london_gold_5min]

⏰ [2026-09-06 06:09:13] 正在获取伦敦金最新数据...
🌍 正在从 AKShare 获取现货黄金数据...
=== 原始数据检查 ===
         date    open   close     low    high
0  2016-12-19  262.45  262.76  262.02  263.50
1  2016-12-20  262.88  262.06  261.42  263.70
2  2016-12-21  262.40  260.97  258.60  262.65
3  2016-12-22  261.18  260.00  259.05  261.18
4  2016-12-23  258.95  260.07  258.70  260.37
列名: ['date', 'open', 'close', 'low', 'high']
==================
🔍 伦敦金原始列名：['date', 'open', 'high', 'low', 'close']
⚠️ [伦敦金] 发现 17 条 OHLC 逻辑错误，已自动剔除。
🧼 伦敦金数据清洗完成！
⏩ 数据库表 [london_gold_5min] 已是最新，无需重复写入。
✅ 成功更新 2341 条有效数据到 [london_gold_5min]

⏰ [2026-09-06 06:14:14] 正在获取伦敦金最新数据...
🌍 正在从 AKShare 获取现货黄金数据...
=== 原始数据检查 ===
         date    open   close     low    high
0  2016-12-19  262.45  262.76  262.02  263.50
1  2016-12-20  262.88  262.06  261.42  263.70
2  2016-12-21  262.40  260.97  258.60  262.65
3  2016-12-22  261.18  260.00  259.05  261.18
4  2016-12-23  258.95  260.07  258.70  260.37
列名: ['date', 'open', 'close', 'low', 'high']
==================
🔍 伦敦金原始列名：['date', 'open', 'high', 'low', 'close']
⚠️ [伦敦金] 发现 17 条 OHLC 逻辑错误，已自动剔除。
🧼 伦敦金数据清洗完成！
⏩ 数据库表 [london_gold_5min] 已是最新，无需重复写入。
✅ 成功更新 2341 条有效数据到 [london_gold_5min]

⏰ [2026-09-06 06:19:15] 正在获取伦敦金最新数据...
🌍 正在从 AKShare 获取现货黄金数据...
=== 原始数据检查 ===
         date    open   close     low    high
0  2016-12-19  262.45  262.76  262.02  263.50
1  2016-12-20  262.88  262.06  261.42  263.70
2  2016-12-21  262.40  260.97  258.60  262.65
3  2016-12-22  261.18  260.00  259.05  261.18
4  2016-12-23  258.95  260.07  258.70  260.37
列名: ['date', 'open', 'close', 'low', 'high']
==================
🔍 伦敦金原始列名：['date', 'open', 'high', 'low', 'close']
⚠️ [伦敦金] 发现 17 条 OHLC 逻辑错误，已自动剔除。
🧼 伦敦金数据清洗完成！
⏩ 数据库表 [london_gold_5min] 已是最新，无需重复写入。
✅ 成功更新 2341 条有效数据到 [london_gold_5min]

⏰ [2026-09-06 06:24:15] 正在获取伦敦金最新数据...
🌍 正在从 AKShare 获取现货黄金数据...
=== 原始数据检查 ===
         date    open   close     low    high
0  2016-12-19  262.45  262.76  262.02  263.50
1  2016-12-20  262.88  262.06  261.42  263.70
2  2016-12-21  262.40  260.97  258.60  262.65
3  2016-12-22  261.18  260.00  259.05  261.18
4  2016-12-23  258.95  260.07  258.70  260.37
列名: ['date', 'open', 'close', 'low', 'high']
==================
🔍 伦敦金原始列名：['date', 'open', 'high', 'low', 'close']
⚠️ [伦敦金] 发现 17 条 OHLC 逻辑错误，已自动剔除。
🧼 伦敦金数据清洗完成！
⏩ 数据库表 [london_gold_5min] 已是最新，无需重复写入。
✅ 成功更新 2341 条有效数据到 [london_gold_5min]

⏰ [2026-09-06 06:29:16] 正在获取伦敦金最新数据...
🌍 正在从 AKShare 获取现货黄金数据...
=== 原始数据检查 ===
         date    open   close     low    high
0  2016-12-19  262.45  262.76  262.02  263.50
1  2016-12-20  262.88  262.06  261.42  263.70
2  2016-12-21  262.40  260.97  258.60  262.65
3  2016-12-22  261.18  260.00  259.05  261.18
4  2016-12-23  258.95  260.07  258.70  260.37
列名: ['date', 'open', 'close', 'low', 'high']
==================
🔍 伦敦金原始列名：['date', 'open', 'high', 'low', 'close']
⚠️ [伦敦金] 发现 17 条 OHLC 逻辑错误，已自动剔除。
🧼 伦敦金数据清洗完成！
⏩ 数据库表 [london_gold_5min] 已是最新，无需重复写入。
✅ 成功更新 2341 条有效数据到 [london_gold_5min]

⏰ [2026-09-06 06:34:17] 正在获取伦敦金最新数据...
🌍 正在从 AKShare 获取现货黄金数据...
=== 原始数据检查 ===
         date    open   close     low    high
0  2016-12-19  262.45  262.76  262.02  263.50
1  2016-12-20  262.88  262.06  261.42  263.70
2  2016-12-21  262.40  260.97  258.60  262.65
3  2016-12-22  261.18  260.00  259.05  261.18
4  2016-12-23  258.95  260.07  258.70  260.37
列名: ['date', 'open', 'close', 'low', 'high']
==================
🔍 伦敦金原始列名：['date', 'open', 'high', 'low', 'close']
⚠️ [伦敦金] 发现 17 条 OHLC 逻辑错误，已自动剔除。
🧼 伦敦金数据清洗完成！
⏩ 数据库表 [london_gold_5min] 已是最新，无需重复写入。
✅ 成功更新 2341 条有效数据到 [london_gold_5min]

⏰ [2026-09-06 06:39:17] 正在获取伦敦金最新数据...
🌍 正在从 AKShare 获取现货黄金数据...
=== 原始数据检查 ===
         date    open   close     low    high
0  2016-12-19  262.45  262.76  262.02  263.50
1  2016-12-20  262.88  262.06  261.42  263.70
2  2016-12-21  262.40  260.97  258.60  262.65
3  2016-12-22  261.18  260.00  259.05  261.18
4  2016-12-23  258.95  260.07  258.70  260.37
列名: ['date', 'open', 'close', 'low', 'high']
==================
🔍 伦敦金原始列名：['date', 'open', 'high', 'low', 'close']
⚠️ [伦敦金] 发现 17 条 OHLC 逻辑错误，已自动剔除。
🧼 伦敦金数据清洗完成！
⏩ 数据库表 [london_gold_5min] 已是最新，无需重复写入。
✅ 成功更新 2341 条有效数据到 [london_gold_5min]

⏰ [2026-09-06 06:44:18] 正在获取伦敦金最新数据...
🌍 正在从 AKShare 获取现货黄金数据...
=== 原始数据检查 ===
         date    open   close     low    high
0  2016-12-19  262.45  262.76  262.02  263.50
1  2016-12-20  262.88  262.06  261.42  263.70
2  2016-12-21  262.40  260.97  258.60  262.65
3  2016-12-22  261.18  260.00  259.05  261.18
4  2016-12-23  258.95  260.07  258.70  260.37
列名: ['date', 'open', 'close', 'low', 'high']
==================
🔍 伦敦金原始列名：['date', 'open', 'high', 'low', 'close']
⚠️ [伦敦金] 发现 17 条 OHLC 逻辑错误，已自动剔除。
🧼 伦敦金数据清洗完成！
⏩ 数据库表 [london_gold_5min] 已是最新，无需重复写入。
✅ 成功更新 2341 条有效数据到 [london_gold_5min]

⏰ [2026-09-06 06:49:18] 正在获取伦敦金最新数据...
🌍 正在从 AKShare 获取现货黄金数据...
=== 原始数据检查 ===
         date    open   close     low    high
0  2016-12-19  262.45  262.76  262.02  263.50
1  2016-12-20  262.88  262.06  261.42  263.70
2  2016-12-21  262.40  260.97  258.60  262.65
3  2016-12-22  261.18  260.00  259.05  261.18
4  2016-12-23  258.95  260.07  258.70  260.37
列名: ['date', 'open', 'close', 'low', 'high']
==================
🔍 伦敦金原始列名：['date', 'open', 'high', 'low', 'close']
⚠️ [伦敦金] 发现 17 条 OHLC 逻辑错误，已自动剔除。
🧼 伦敦金数据清洗完成！
⏩ 数据库表 [london_gold_5min] 已是最新，无需重复写入。
✅ 成功更新 2341 条有效数据到 [london_gold_5min]

⏰ [2026-09-06 06:54:19] 正在获取伦敦金最新数据...
🌍 正在从 AKShare 获取现货黄金数据...
=== 原始数据检查 ===
         date    open   close     low    high
0  2016-12-19  262.45  262.76  262.02  263.50
1  2016-12-20  262.88  262.06  261.42  263.70
2  2016-12-21  262.40  260.97  258.60  262.65
3  2016-12-22  261.18  260.00  259.05  261.18
4  2016-12-23  258.95  260.07  258.70  260.37
列名: ['date', 'open', 'close', 'low', 'high']
==================
🔍 伦敦金原始列名：['date', 'open', 'high', 'low', 'close']
⚠️ [伦敦金] 发现 17 条 OHLC 逻辑错误，已自动剔除。
🧼 伦敦金数据清洗完成！
⏩ 数据库表 [london_gold_5min] 已是最新，无需重复写入。
✅ 成功更新 2341 条有效数据到 [london_gold_5min]

⏰ [2026-09-06 06:59:20] 正在获取伦敦金最新数据...
🌍 正在从 AKShare 获取现货黄金数据...
=== 原始数据检查 ===
         date    open   close     low    high
0  2016-12-19  262.45  262.76  262.02  263.50
1  2016-12-20  262.88  262.06  261.42  263.70
2  2016-12-21  262.40  260.97  258.60  262.65
3  2016-12-22  261.18  260.00  259.05  261.18
4  2016-12-23  258.95  260.07  258.70  260.37
列名: ['date', 'open', 'close', 'low', 'high']
==================
🔍 伦敦金原始列名：['date', 'open', 'high', 'low', 'close']
⚠️ [伦敦金] 发现 17 条 OHLC 逻辑错误，已自动剔除。
🧼 伦敦金数据清洗完成！
⏩ 数据库表 [london_gold_5min] 已是最新，无需重复写入。
✅ 成功更新 2341 条有效数据到 [london_gold_5min]

⏰ [2026-09-06 07:04:20] 正在获取伦敦金最新数据...
🌍 正在从 AKShare 获取现货黄金数据...
=== 原始数据检查 ===
         date    open   close     low    high
0  2016-12-19  262.45  262.76  262.02  263.50
1  2016-12-20  262.88  262.06  261.42  263.70
2  2016-12-21  262.40  260.97  258.60  262.65
3  2016-12-22  261.18  260.00  259.05  261.18
4  2016-12-23  258.95  260.07  258.70  260.37
列名: ['date', 'open', 'close', 'low', 'high']
==================
🔍 伦敦金原始列名：['date', 'open', 'high', 'low', 'close']
⚠️ [伦敦金] 发现 17 条 OHLC 逻辑错误，已自动剔除。
🧼 伦敦金数据清洗完成！
⏩ 数据库表 [london_gold_5min] 已是最新，无需重复写入。
✅ 成功更新 2341 条有效数据到 [london_gold_5min]

⏰ [2026-09-06 07:09:21] 正在获取伦敦金最新数据...
🌍 正在从 AKShare 获取现货黄金数据...
=== 原始数据检查 ===
         date    open   close     low    high
0  2016-12-19  262.45  262.76  262.02  263.50
1  2016-12-20  262.88  262.06  261.42  263.70
2  2016-12-21  262.40  260.97  258.60  262.65
3  2016-12-22  261.18  260.00  259.05  261.18
4  2016-12-23  258.95  260.07  258.70  260.37
列名: ['date', 'open', 'close', 'low', 'high']
==================
🔍 伦敦金原始列名：['date', 'open', 'high', 'low', 'close']
⚠️ [伦敦金] 发现 17 条 OHLC 逻辑错误，已自动剔除。
🧼 伦敦金数据清洗完成！
⏩ 数据库表 [london_gold_5min] 已是最新，无需重复写入。
✅ 成功更新 2341 条有效数据到 [london_gold_5min]

⏰ [2026-09-06 07:14:21] 正在获取伦敦金最新数据...
🌍 正在从 AKShare 获取现货黄金数据...
=== 原始数据检查 ===
         date    open   close     low    high
0  2016-12-19  262.45  262.76  262.02  263.50
1  2016-12-20  262.88  262.06  261.42  263.70
2  2016-12-21  262.40  260.97  258.60  262.65
3  2016-12-22  261.18  260.00  259.05  261.18
4  2016-12-23  258.95  260.07  258.70  260.37
列名: ['date', 'open', 'close', 'low', 'high']
==================
🔍 伦敦金原始列名：['date', 'open', 'high', 'low', 'close']
⚠️ [伦敦金] 发现 17 条 OHLC 逻辑错误，已自动剔除。
🧼 伦敦金数据清洗完成！
⏩ 数据库表 [london_gold_5min] 已是最新，无需重复写入。
✅ 成功更新 2341 条有效数据到 [london_gold_5min]

⏰ [2026-09-06 07:19:22] 正在获取伦敦金最新数据...
🌍 正在从 AKShare 获取现货黄金数据...
=== 原始数据检查 ===
         date    open   close     low    high
0  2016-12-19  262.45  262.76  262.02  263.50
1  2016-12-20  262.88  262.06  261.42  263.70
2  2016-12-21  262.40  260.97  258.60  262.65
3  2016-12-22  261.18  260.00  259.05  261.18
4  2016-12-23  258.95  260.07  258.70  260.37
列名: ['date', 'open', 'close', 'low', 'high']
==================
🔍 伦敦金原始列名：['date', 'open', 'high', 'low', 'close']
⚠️ [伦敦金] 发现 17 条 OHLC 逻辑错误，已自动剔除。
🧼 伦敦金数据清洗完成！
⏩ 数据库表 [london_gold_5min] 已是最新，无需重复写入。
✅ 成功更新 2341 条有效数据到 [london_gold_5min]

⏰ [2026-09-06 07:24:23] 正在获取伦敦金最新数据...
🌍 正在从 AKShare 获取现货黄金数据...
=== 原始数据检查 ===
         date    open   close     low    high
0  2016-12-19  262.45  262.76  262.02  263.50
1  2016-12-20  262.88  262.06  261.42  263.70
2  2016-12-21  262.40  260.97  258.60  262.65
3  2016-12-22  261.18  260.00  259.05  261.18
4  2016-12-23  258.95  260.07  258.70  260.37
列名: ['date', 'open', 'close', 'low', 'high']
==================
🔍 伦敦金原始列名：['date', 'open', 'high', 'low', 'close']
⚠️ [伦敦金] 发现 17 条 OHLC 逻辑错误，已自动剔除。
🧼 伦敦金数据清洗完成！
⏩ 数据库表 [london_gold_5min] 已是最新，无需重复写入。
✅ 成功更新 2341 条有效数据到 [london_gold_5min]

⏰ [2026-09-06 07:29:23] 正在获取伦敦金最新数据...
🌍 正在从 AKShare 获取现货黄金数据...
=== 原始数据检查 ===
         date    open   close     low    high
0  2016-12-19  262.45  262.76  262.02  263.50
1  2016-12-20  262.88  262.06  261.42  263.70
2  2016-12-21  262.40  260.97  258.60  262.65
3  2016-12-22  261.18  260.00  259.05  261.18
4  2016-12-23  258.95  260.07  258.70  260.37
列名: ['date', 'open', 'close', 'low', 'high']
==================
🔍 伦敦金原始列名：['date', 'open', 'high', 'low', 'close']
⚠️ [伦敦金] 发现 17 条 OHLC 逻辑错误，已自动剔除。
🧼 伦敦金数据清洗完成！
⏩ 数据库表 [london_gold_5min] 已是最新，无需重复写入。
✅ 成功更新 2341 条有效数据到 [london_gold_5min]

⏰ [2026-09-06 07:34:24] 正在获取伦敦金最新数据...
🌍 正在从 AKShare 获取现货黄金数据...
=== 原始数据检查 ===
         date    open   close     low    high
0  2016-12-19  262.45  262.76  262.02  263.50
1  2016-12-20  262.88  262.06  261.42  263.70
2  2016-12-21  262.40  260.97  258.60  262.65
3  2016-12-22  261.18  260.00  259.05  261.18
4  2016-12-23  258.95  260.07  258.70  260.37
列名: ['date', 'open', 'close', 'low', 'high']
==================
🔍 伦敦金原始列名：['date', 'open', 'high', 'low', 'close']
⚠️ [伦敦金] 发现 17 条 OHLC 逻辑错误，已自动剔除。
🧼 伦敦金数据清洗完成！
⏩ 数据库表 [london_gold_5min] 已是最新，无需重复写入。
✅ 成功更新 2341 条有效数据到 [london_gold_5min]

⏰ [2026-09-06 07:39:25] 正在获取伦敦金最新数据...
🌍 正在从 AKShare 获取现货黄金数据...
=== 原始数据检查 ===
         date    open   close     low    high
0  2016-12-19  262.45  262.76  262.02  263.50
1  2016-12-20  262.88  262.06  261.42  263.70
2  2016-12-21  262.40  260.97  258.60  262.65
3  2016-12-22  261.18  260.00  259.05  261.18
4  2016-12-23  258.95  260.07  258.70  260.37
列名: ['date', 'open', 'close', 'low', 'high']
==================
🔍 伦敦金原始列名：['date', 'open', 'high', 'low', 'close']
⚠️ [伦敦金] 发现 17 条 OHLC 逻辑错误，已自动剔除。
🧼 伦敦金数据清洗完成！
⏩ 数据库表 [london_gold_5min] 已是最新，无需重复写入。
✅ 成功更新 2341 条有效数据到 [london_gold_5min]

⏰ [2026-09-06 07:44:25] 正在获取伦敦金最新数据...
🌍 正在从 AKShare 获取现货黄金数据...
=== 原始数据检查 ===
         date    open   close     low    high
0  2016-12-19  262.45  262.76  262.02  263.50
1  2016-12-20  262.88  262.06  261.42  263.70
2  2016-12-21  262.40  260.97  258.60  262.65
3  2016-12-22  261.18  260.00  259.05  261.18
4  2016-12-23  258.95  260.07  258.70  260.37
列名: ['date', 'open', 'close', 'low', 'high']
==================
🔍 伦敦金原始列名：['date', 'open', 'high', 'low', 'close']
⚠️ [伦敦金] 发现 17 条 OHLC 逻辑错误，已自动剔除。
🧼 伦敦金数据清洗完成！
⏩ 数据库表 [london_gold_5min] 已是最新，无需重复写入。
✅ 成功更新 2341 条有效数据到 [london_gold_5min]

⏰ [2026-09-06 07:49:26] 正在获取伦敦金最新数据...
🌍 正在从 AKShare 获取现货黄金数据...
=== 原始数据检查 ===
         date    open   close     low    high
0  2016-12-19  262.45  262.76  262.02  263.50
1  2016-12-20  262.88  262.06  261.42  263.70
2  2016-12-21  262.40  260.97  258.60  262.65
3  2016-12-22  261.18  260.00  259.05  261.18
4  2016-12-23  258.95  260.07  258.70  260.37
列名: ['date', 'open', 'close', 'low', 'high']
==================
🔍 伦敦金原始列名：['date', 'open', 'high', 'low', 'close']
⚠️ [伦敦金] 发现 17 条 OHLC 逻辑错误，已自动剔除。
🧼 伦敦金数据清洗完成！
⏩ 数据库表 [london_gold_5min] 已是最新，无需重复写入。
✅ 成功更新 2341 条有效数据到 [london_gold_5min]

⏰ [2026-09-06 07:54:26] 正在获取伦敦金最新数据...
🌍 正在从 AKShare 获取现货黄金数据...
=== 原始数据检查 ===
         date    open   close     low    high
0  2016-12-19  262.45  262.76  262.02  263.50
1  2016-12-20  262.88  262.06  261.42  263.70
2  2016-12-21  262.40  260.97  258.60  262.65
3  2016-12-22  261.18  260.00  259.05  261.18
4  2016-12-23  258.95  260.07  258.70  260.37
列名: ['date', 'open', 'close', 'low', 'high']
==================
🔍 伦敦金原始列名：['date', 'open', 'high', 'low', 'close']
⚠️ [伦敦金] 发现 17 条 OHLC 逻辑错误，已自动剔除。
🧼 伦敦金数据清洗完成！
⏩ 数据库表 [london_gold_5min] 已是最新，无需重复写入。
✅ 成功更新 2341 条有效数据到 [london_gold_5min]

⏰ [2026-09-06 07:59:27] 正在获取伦敦金最新数据...
🌍 正在从 AKShare 获取现货黄金数据...
=== 原始数据检查 ===
         date    open   close     low    high
0  2016-12-19  262.45  262.76  262.02  263.50
1  2016-12-20  262.88  262.06  261.42  263.70
2  2016-12-21  262.40  260.97  258.60  262.65
3  2016-12-22  261.18  260.00  259.05  261.18
4  2016-12-23  258.95  260.07  258.70  260.37
列名: ['date', 'open', 'close', 'low', 'high']
==================
🔍 伦敦金原始列名：['date', 'open', 'high', 'low', 'close']
⚠️ [伦敦金] 发现 17 条 OHLC 逻辑错误，已自动剔除。
🧼 伦敦金数据清洗完成！
⏩ 数据库表 [london_gold_5min] 已是最新，无需重复写入。
✅ 成功更新 2341 条有效数据到 [london_gold_5min]

⏰ [2026-09-06 08:04:28] 正在获取伦敦金最新数据...
🌍 正在从 AKShare 获取现货黄金数据...
=== 原始数据检查 ===
         date    open   close     low    high
0  2016-12-19  262.45  262.76  262.02  263.50
1  2016-12-20  262.88  262.06  261.42  263.70
2  2016-12-21  262.40  260.97  258.60  262.65
3  2016-12-22  261.18  260.00  259.05  261.18
4  2016-12-23  258.95  260.07  258.70  260.37
列名: ['date', 'open', 'close', 'low', 'high']
==================
🔍 伦敦金原始列名：['date', 'open', 'high', 'low', 'close']
⚠️ [伦敦金] 发现 17 条 OHLC 逻辑错误，已自动剔除。
🧼 伦敦金数据清洗完成！
⏩ 数据库表 [london_gold_5min] 已是最新，无需重复写入。
✅ 成功更新 2341 条有效数据到 [london_gold_5min]

⏰ [2026-09-06 08:09:28] 正在获取伦敦金最新数据...
🌍 正在从 AKShare 获取现货黄金数据...
=== 原始数据检查 ===
         date    open   close     low    high
0  2016-12-19  262.45  262.76  262.02  263.50
1  2016-12-20  262.88  262.06  261.42  263.70
2  2016-12-21  262.40  260.97  258.60  262.65
3  2016-12-22  261.18  260.00  259.05  261.18
4  2016-12-23  258.95  260.07  258.70  260.37
列名: ['date', 'open', 'close', 'low', 'high']
==================
🔍 伦敦金原始列名：['date', 'open', 'high', 'low', 'close']
⚠️ [伦敦金] 发现 17 条 OHLC 逻辑错误，已自动剔除。
🧼 伦敦金数据清洗完成！
⏩ 数据库表 [london_gold_5min] 已是最新，无需重复写入。
✅ 成功更新 2341 条有效数据到 [london_gold_5min]

⏰ [2026-09-06 08:14:29] 正在获取伦敦金最新数据...
🌍 正在从 AKShare 获取现货黄金数据...
=== 原始数据检查 ===
         date    open   close     low    high
0  2016-12-19  262.45  262.76  262.02  263.50
1  2016-12-20  262.88  262.06  261.42  263.70
2  2016-12-21  262.40  260.97  258.60  262.65
3  2016-12-22  261.18  260.00  259.05  261.18
4  2016-12-23  258.95  260.07  258.70  260.37
列名: ['date', 'open', 'close', 'low', 'high']
==================
🔍 伦敦金原始列名：['date', 'open', 'high', 'low', 'close']
⚠️ [伦敦金] 发现 17 条 OHLC 逻辑错误，已自动剔除。
🧼 伦敦金数据清洗完成！
⏩ 数据库表 [london_gold_5min] 已是最新，无需重复写入。
✅ 成功更新 2341 条有效数据到 [london_gold_5min]

⏰ [2026-09-06 08:19:30] 正在获取伦敦金最新数据...
🌍 正在从 AKShare 获取现货黄金数据...
=== 原始数据检查 ===
         date    open   close     low    high
0  2016-12-19  262.45  262.76  262.02  263.50
1  2016-12-20  262.88  262.06  261.42  263.70
2  2016-12-21  262.40  260.97  258.60  262.65
3  2016-12-22  261.18  260.00  259.05  261.18
4  2016-12-23  258.95  260.07  258.70  260.37
列名: ['date', 'open', 'close', 'low', 'high']
==================
🔍 伦敦金原始列名：['date', 'open', 'high', 'low', 'close']
⚠️ [伦敦金] 发现 17 条 OHLC 逻辑错误，已自动剔除。
🧼 伦敦金数据清洗完成！
⏩ 数据库表 [london_gold_5min] 已是最新，无需重复写入。
✅ 成功更新 2341 条有效数据到 [london_gold_5min]

⏰ [2026-09-06 08:24:30] 正在获取伦敦金最新数据...
🌍 正在从 AKShare 获取现货黄金数据...
=== 原始数据检查 ===
         date    open   close     low    high
0  2016-12-19  262.45  262.76  262.02  263.50
1  2016-12-20  262.88  262.06  261.42  263.70
2  2016-12-21  262.40  260.97  258.60  262.65
3  2016-12-22  261.18  260.00  259.05  261.18
4  2016-12-23  258.95  260.07  258.70  260.37
列名: ['date', 'open', 'close', 'low', 'high']
==================
🔍 伦敦金原始列名：['date', 'open', 'high', 'low', 'close']
⚠️ [伦敦金] 发现 17 条 OHLC 逻辑错误，已自动剔除。
🧼 伦敦金数据清洗完成！
⏩ 数据库表 [london_gold_5min] 已是最新，无需重复写入。
✅ 成功更新 2341 条有效数据到 [london_gold_5min]

⏰ [2026-09-06 08:29:31] 正在获取伦敦金最新数据...
🌍 正在从 AKShare 获取现货黄金数据...
=== 原始数据检查 ===
         date    open   close     low    high
0  2016-12-19  262.45  262.76  262.02  263.50
1  2016-12-20  262.88  262.06  261.42  263.70
2  2016-12-21  262.40  260.97  258.60  262.65
3  2016-12-22  261.18  260.00  259.05  261.18
4  2016-12-23  258.95  260.07  258.70  260.37
列名: ['date', 'open', 'close', 'low', 'high']
==================
🔍 伦敦金原始列名：['date', 'open', 'high', 'low', 'close']
⚠️ [伦敦金] 发现 17 条 OHLC 逻辑错误，已自动剔除。
🧼 伦敦金数据清洗完成！
⏩ 数据库表 [london_gold_5min] 已是最新，无需重复写入。
✅ 成功更新 2341 条有效数据到 [london_gold_5min]

⏰ [2026-09-06 08:34:31] 正在获取伦敦金最新数据...
🌍 正在从 AKShare 获取现货黄金数据...
=== 原始数据检查 ===
         date    open   close     low    high
0  2016-12-19  262.45  262.76  262.02  263.50
1  2016-12-20  262.88  262.06  261.42  263.70
2  2016-12-21  262.40  260.97  258.60  262.65
3  2016-12-22  261.18  260.00  259.05  261.18
4  2016-12-23  258.95  260.07  258.70  260.37
列名: ['date', 'open', 'close', 'low', 'high']
==================
🔍 伦敦金原始列名：['date', 'open', 'high', 'low', 'close']
⚠️ [伦敦金] 发现 17 条 OHLC 逻辑错误，已自动剔除。
🧼 伦敦金数据清洗完成！
⏩ 数据库表 [london_gold_5min] 已是最新，无需重复写入。
✅ 成功更新 2341 条有效数据到 [london_gold_5min]

⏰ [2026-09-06 08:39:32] 正在获取伦敦金最新数据...
🌍 正在从 AKShare 获取现货黄金数据...
=== 原始数据检查 ===
         date    open   close     low    high
0  2016-12-19  262.45  262.76  262.02  263.50
1  2016-12-20  262.88  262.06  261.42  263.70
2  2016-12-21  262.40  260.97  258.60  262.65
3  2016-12-22  261.18  260.00  259.05  261.18
4  2016-12-23  258.95  260.07  258.70  260.37
列名: ['date', 'open', 'close', 'low', 'high']
==================
🔍 伦敦金原始列名：['date', 'open', 'high', 'low', 'close']
⚠️ [伦敦金] 发现 17 条 OHLC 逻辑错误，已自动剔除。
🧼 伦敦金数据清洗完成！
⏩ 数据库表 [london_gold_5min] 已是最新，无需重复写入。
✅ 成功更新 2341 条有效数据到 [london_gold_5min]

⏰ [2026-09-06 08:44:33] 正在获取伦敦金最新数据...
🌍 正在从 AKShare 获取现货黄金数据...
=== 原始数据检查 ===
         date    open   close     low    high
0  2016-12-19  262.45  262.76  262.02  263.50
1  2016-12-20  262.88  262.06  261.42  263.70
2  2016-12-21  262.40  260.97  258.60  262.65
3  2016-12-22  261.18  260.00  259.05  261.18
4  2016-12-23  258.95  260.07  258.70  260.37
列名: ['date', 'open', 'close', 'low', 'high']
==================
🔍 伦敦金原始列名：['date', 'open', 'high', 'low', 'close']
⚠️ [伦敦金] 发现 17 条 OHLC 逻辑错误，已自动剔除。
🧼 伦敦金数据清洗完成！
⏩ 数据库表 [london_gold_5min] 已是最新，无需重复写入。
✅ 成功更新 2341 条有效数据到 [london_gold_5min]

⏰ [2026-09-06 08:49:33] 正在获取伦敦金最新数据...
🌍 正在从 AKShare 获取现货黄金数据...
=== 原始数据检查 ===
         date    open   close     low    high
0  2016-12-19  262.45  262.76  262.02  263.50
1  2016-12-20  262.88  262.06  261.42  263.70
2  2016-12-21  262.40  260.97  258.60  262.65
3  2016-12-22  261.18  260.00  259.05  261.18
4  2016-12-23  258.95  260.07  258.70  260.37
列名: ['date', 'open', 'close', 'low', 'high']
==================
🔍 伦敦金原始列名：['date', 'open', 'high', 'low', 'close']
⚠️ [伦敦金] 发现 17 条 OHLC 逻辑错误，已自动剔除。
🧼 伦敦金数据清洗完成！
⏩ 数据库表 [london_gold_5min] 已是最新，无需重复写入。
✅ 成功更新 2341 条有效数据到 [london_gold_5min]

⏰ [2026-09-06 08:54:34] 正在获取伦敦金最新数据...
🌍 正在从 AKShare 获取现货黄金数据...
=== 原始数据检查 ===
         date    open   close     low    high
0  2016-12-19  262.45  262.76  262.02  263.50
1  2016-12-20  262.88  262.06  261.42  263.70
2  2016-12-21  262.40  260.97  258.60  262.65
3  2016-12-22  261.18  260.00  259.05  261.18
4  2016-12-23  258.95  260.07  258.70  260.37
列名: ['date', 'open', 'close', 'low', 'high']
==================
🔍 伦敦金原始列名：['date', 'open', 'high', 'low', 'close']
⚠️ [伦敦金] 发现 17 条 OHLC 逻辑错误，已自动剔除。
🧼 伦敦金数据清洗完成！
⏩ 数据库表 [london_gold_5min] 已是最新，无需重复写入。
✅ 成功更新 2341 条有效数据到 [london_gold_5min]

⏰ [2026-09-06 08:59:34] 正在获取伦敦金最新数据...
🌍 正在从 AKShare 获取现货黄金数据...
=== 原始数据检查 ===
         date    open   close     low    high
0  2016-12-19  262.45  262.76  262.02  263.50
1  2016-12-20  262.88  262.06  261.42  263.70
2  2016-12-21  262.40  260.97  258.60  262.65
3  2016-12-22  261.18  260.00  259.05  261.18
4  2016-12-23  258.95  260.07  258.70  260.37
列名: ['date', 'open', 'close', 'low', 'high']
==================
🔍 伦敦金原始列名：['date', 'open', 'high', 'low', 'close']
⚠️ [伦敦金] 发现 17 条 OHLC 逻辑错误，已自动剔除。
🧼 伦敦金数据清洗完成！
⏩ 数据库表 [london_gold_5min] 已是最新，无需重复写入。
✅ 成功更新 2341 条有效数据到 [london_gold_5min]

⏰ [2026-09-06 09:04:35] 正在获取伦敦金最新数据...
🌍 正在从 AKShare 获取现货黄金数据...
=== 原始数据检查 ===
         date    open   close     low    high
0  2016-12-19  262.45  262.76  262.02  263.50
1  2016-12-20  262.88  262.06  261.42  263.70
2  2016-12-21  262.40  260.97  258.60  262.65
3  2016-12-22  261.18  260.00  259.05  261.18
4  2016-12-23  258.95  260.07  258.70  260.37
列名: ['date', 'open', 'close', 'low', 'high']
==================
🔍 伦敦金原始列名：['date', 'open', 'high', 'low', 'close']
⚠️ [伦敦金] 发现 17 条 OHLC 逻辑错误，已自动剔除。
🧼 伦敦金数据清洗完成！
⏩ 数据库表 [london_gold_5min] 已是最新，无需重复写入。
✅ 成功更新 2341 条有效数据到 [london_gold_5min]

⏰ [2026-09-06 09:09:36] 正在获取伦敦金最新数据...
🌍 正在从 AKShare 获取现货黄金数据...
=== 原始数据检查 ===
         date    open   close     low    high
0  2016-12-19  262.45  262.76  262.02  263.50
1  2016-12-20  262.88  262.06  261.42  263.70
2  2016-12-21  262.40  260.97  258.60  262.65
3  2016-12-22  261.18  260.00  259.05  261.18
4  2016-12-23  258.95  260.07  258.70  260.37
列名: ['date', 'open', 'close', 'low', 'high']
==================
🔍 伦敦金原始列名：['date', 'open', 'high', 'low', 'close']
⚠️ [伦敦金] 发现 17 条 OHLC 逻辑错误，已自动剔除。
🧼 伦敦金数据清洗完成！
⏩ 数据库表 [london_gold_5min] 已是最新，无需重复写入。
✅ 成功更新 2341 条有效数据到 [london_gold_5min]

⏰ [2026-09-06 09:14:36] 正在获取伦敦金最新数据...
🌍 正在从 AKShare 获取现货黄金数据...
=== 原始数据检查 ===
         date    open   close     low    high
0  2016-12-19  262.45  262.76  262.02  263.50
1  2016-12-20  262.88  262.06  261.42  263.70
2  2016-12-21  262.40  260.97  258.60  262.65
3  2016-12-22  261.18  260.00  259.05  261.18
4  2016-12-23  258.95  260.07  258.70  260.37
列名: ['date', 'open', 'close', 'low', 'high']
==================
🔍 伦敦金原始列名：['date', 'open', 'high', 'low', 'close']
⚠️ [伦敦金] 发现 17 条 OHLC 逻辑错误，已自动剔除。
🧼 伦敦金数据清洗完成！
⏩ 数据库表 [london_gold_5min] 已是最新，无需重复写入。
✅ 成功更新 2341 条有效数据到 [london_gold_5min]

⏰ [2026-09-06 09:19:37] 正在获取伦敦金最新数据...
🌍 正在从 AKShare 获取现货黄金数据...
=== 原始数据检查 ===
         date    open   close     low    high
0  2016-12-19  262.45  262.76  262.02  263.50
1  2016-12-20  262.88  262.06  261.42  263.70
2  2016-12-21  262.40  260.97  258.60  262.65
3  2016-12-22  261.18  260.00  259.05  261.18
4  2016-12-23  258.95  260.07  258.70  260.37
列名: ['date', 'open', 'close', 'low', 'high']
==================
🔍 伦敦金原始列名：['date', 'open', 'high', 'low', 'close']
⚠️ [伦敦金] 发现 17 条 OHLC 逻辑错误，已自动剔除。
🧼 伦敦金数据清洗完成！
⏩ 数据库表 [london_gold_5min] 已是最新，无需重复写入。
✅ 成功更新 2341 条有效数据到 [london_gold_5min]

⏰ [2026-09-06 09:24:38] 正在获取伦敦金最新数据...
🌍 正在从 AKShare 获取现货黄金数据...
=== 原始数据检查 ===
         date    open   close     low    high
0  2016-12-19  262.45  262.76  262.02  263.50
1  2016-12-20  262.88  262.06  261.42  263.70
2  2016-12-21  262.40  260.97  258.60  262.65
3  2016-12-22  261.18  260.00  259.05  261.18
4  2016-12-23  258.95  260.07  258.70  260.37
列名: ['date', 'open', 'close', 'low', 'high']
==================
🔍 伦敦金原始列名：['date', 'open', 'high', 'low', 'close']
⚠️ [伦敦金] 发现 17 条 OHLC 逻辑错误，已自动剔除。
🧼 伦敦金数据清洗完成！
⏩ 数据库表 [london_gold_5min] 已是最新，无需重复写入。
✅ 成功更新 2341 条有效数据到 [london_gold_5min]

⏰ [2026-09-06 09:29:38] 正在获取伦敦金最新数据...
🌍 正在从 AKShare 获取现货黄金数据...
=== 原始数据检查 ===
         date    open   close     low    high
0  2016-12-19  262.45  262.76  262.02  263.50
1  2016-12-20  262.88  262.06  261.42  263.70
2  2016-12-21  262.40  260.97  258.60  262.65
3  2016-12-22  261.18  260.00  259.05  261.18
4  2016-12-23  258.95  260.07  258.70  260.37
列名: ['date', 'open', 'close', 'low', 'high']
==================
🔍 伦敦金原始列名：['date', 'open', 'high', 'low', 'close']
⚠️ [伦敦金] 发现 17 条 OHLC 逻辑错误，已自动剔除。
🧼 伦敦金数据清洗完成！
⏩ 数据库表 [london_gold_5min] 已是最新，无需重复写入。
✅ 成功更新 2341 条有效数据到 [london_gold_5min]

⏰ [2026-09-06 09:34:39] 正在获取伦敦金最新数据...
🌍 正在从 AKShare 获取现货黄金数据...
=== 原始数据检查 ===
         date    open   close     low    high
0  2016-12-19  262.45  262.76  262.02  263.50
1  2016-12-20  262.88  262.06  261.42  263.70
2  2016-12-21  262.40  260.97  258.60  262.65
3  2016-12-22  261.18  260.00  259.05  261.18
4  2016-12-23  258.95  260.07  258.70  260.37
列名: ['date', 'open', 'close', 'low', 'high']
==================
🔍 伦敦金原始列名：['date', 'open', 'high', 'low', 'close']
⚠️ [伦敦金] 发现 17 条 OHLC 逻辑错误，已自动剔除。
🧼 伦敦金数据清洗完成！
⏩ 数据库表 [london_gold_5min] 已是最新，无需重复写入。
✅ 成功更新 2341 条有效数据到 [london_gold_5min]

⏰ [2026-09-06 09:39:40] 正在获取伦敦金最新数据...
🌍 正在从 AKShare 获取现货黄金数据...
=== 原始数据检查 ===
         date    open   close     low    high
0  2016-12-19  262.45  262.76  262.02  263.50
1  2016-12-20  262.88  262.06  261.42  263.70
2  2016-12-21  262.40  260.97  258.60  262.65
3  2016-12-22  261.18  260.00  259.05  261.18
4  2016-12-23  258.95  260.07  258.70  260.37
列名: ['date', 'open', 'close', 'low', 'high']
==================
🔍 伦敦金原始列名：['date', 'open', 'high', 'low', 'close']
⚠️ [伦敦金] 发现 17 条 OHLC 逻辑错误，已自动剔除。
🧼 伦敦金数据清洗完成！
⏩ 数据库表 [london_gold_5min] 已是最新，无需重复写入。
✅ 成功更新 2341 条有效数据到 [london_gold_5min]

⏰ [2026-09-06 09:44:40] 正在获取伦敦金最新数据...
🌍 正在从 AKShare 获取现货黄金数据...
=== 原始数据检查 ===
         date    open   close     low    high
0  2016-12-19  262.45  262.76  262.02  263.50
1  2016-12-20  262.88  262.06  261.42  263.70
2  2016-12-21  262.40  260.97  258.60  262.65
3  2016-12-22  261.18  260.00  259.05  261.18
4  2016-12-23  258.95  260.07  258.70  260.37
列名: ['date', 'open', 'close', 'low', 'high']
==================
🔍 伦敦金原始列名：['date', 'open', 'high', 'low', 'close']
⚠️ [伦敦金] 发现 17 条 OHLC 逻辑错误，已自动剔除。
🧼 伦敦金数据清洗完成！
⏩ 数据库表 [london_gold_5min] 已是最新，无需重复写入。
✅ 成功更新 2341 条有效数据到 [london_gold_5min]

⏰ [2026-09-06 09:49:41] 正在获取伦敦金最新数据...
🌍 正在从 AKShare 获取现货黄金数据...
=== 原始数据检查 ===
         date    open   close     low    high
0  2016-12-19  262.45  262.76  262.02  263.50
1  2016-12-20  262.88  262.06  261.42  263.70
2  2016-12-21  262.40  260.97  258.60  262.65
3  2016-12-22  261.18  260.00  259.05  261.18
4  2016-12-23  258.95  260.07  258.70  260.37
列名: ['date', 'open', 'close', 'low', 'high']
==================
🔍 伦敦金原始列名：['date', 'open', 'high', 'low', 'close']
⚠️ [伦敦金] 发现 17 条 OHLC 逻辑错误，已自动剔除。
🧼 伦敦金数据清洗完成！
⏩ 数据库表 [london_gold_5min] 已是最新，无需重复写入。
✅ 成功更新 2341 条有效数据到 [london_gold_5min]

⏰ [2026-09-06 09:54:41] 正在获取伦敦金最新数据...
🌍 正在从 AKShare 获取现货黄金数据...
=== 原始数据检查 ===
         date    open   close     low    high
0  2016-12-19  262.45  262.76  262.02  263.50
1  2016-12-20  262.88  262.06  261.42  263.70
2  2016-12-21  262.40  260.97  258.60  262.65
3  2016-12-22  261.18  260.00  259.05  261.18
4  2016-12-23  258.95  260.07  258.70  260.37
列名: ['date', 'open', 'close', 'low', 'high']
==================
🔍 伦敦金原始列名：['date', 'open', 'high', 'low', 'close']
⚠️ [伦敦金] 发现 17 条 OHLC 逻辑错误，已自动剔除。
🧼 伦敦金数据清洗完成！
⏩ 数据库表 [london_gold_5min] 已是最新，无需重复写入。
✅ 成功更新 2341 条有效数据到 [london_gold_5min]

⏰ [2026-09-06 09:59:42] 正在获取伦敦金最新数据...
🌍 正在从 AKShare 获取现货黄金数据...
=== 原始数据检查 ===
         date    open   close     low    high
0  2016-12-19  262.45  262.76  262.02  263.50
1  2016-12-20  262.88  262.06  261.42  263.70
2  2016-12-21  262.40  260.97  258.60  262.65
3  2016-12-22  261.18  260.00  259.05  261.18
4  2016-12-23  258.95  260.07  258.70  260.37
列名: ['date', 'open', 'close', 'low', 'high']
==================
🔍 伦敦金原始列名：['date', 'open', 'high', 'low', 'close']
⚠️ [伦敦金] 发现 17 条 OHLC 逻辑错误，已自动剔除。
🧼 伦敦金数据清洗完成！
⏩ 数据库表 [london_gold_5min] 已是最新，无需重复写入。
✅ 成功更新 2341 条有效数据到 [london_gold_5min]

⏰ [2026-09-06 10:04:43] 正在获取伦敦金最新数据...
🌍 正在从 AKShare 获取现货黄金数据...
=== 原始数据检查 ===
         date    open   close     low    high
0  2016-12-19  262.45  262.76  262.02  263.50
1  2016-12-20  262.88  262.06  261.42  263.70
2  2016-12-21  262.40  260.97  258.60  262.65
3  2016-12-22  261.18  260.00  259.05  261.18
4  2016-12-23  258.95  260.07  258.70  260.37
列名: ['date', 'open', 'close', 'low', 'high']
==================
🔍 伦敦金原始列名：['date', 'open', 'high', 'low', 'close']
⚠️ [伦敦金] 发现 17 条 OHLC 逻辑错误，已自动剔除。
🧼 伦敦金数据清洗完成！
⏩ 数据库表 [london_gold_5min] 已是最新，无需重复写入。
✅ 成功更新 2341 条有效数据到 [london_gold_5min]

⏰ [2026-09-06 10:09:43] 正在获取伦敦金最新数据...
🌍 正在从 AKShare 获取现货黄金数据...
=== 原始数据检查 ===
         date    open   close     low    high
0  2016-12-19  262.45  262.76  262.02  263.50
1  2016-12-20  262.88  262.06  261.42  263.70
2  2016-12-21  262.40  260.97  258.60  262.65
3  2016-12-22  261.18  260.00  259.05  261.18
4  2016-12-23  258.95  260.07  258.70  260.37
列名: ['date', 'open', 'close', 'low', 'high']
==================
🔍 伦敦金原始列名：['date', 'open', 'high', 'low', 'close']
⚠️ [伦敦金] 发现 17 条 OHLC 逻辑错误，已自动剔除。
🧼 伦敦金数据清洗完成！
⏩ 数据库表 [london_gold_5min] 已是最新，无需重复写入。
✅ 成功更新 2341 条有效数据到 [london_gold_5min]

⏰ [2026-09-06 10:14:44] 正在获取伦敦金最新数据...
🌍 正在从 AKShare 获取现货黄金数据...
=== 原始数据检查 ===
         date    open   close     low    high
0  2016-12-19  262.45  262.76  262.02  263.50
1  2016-12-20  262.88  262.06  261.42  263.70
2  2016-12-21  262.40  260.97  258.60  262.65
3  2016-12-22  261.18  260.00  259.05  261.18
4  2016-12-23  258.95  260.07  258.70  260.37
列名: ['date', 'open', 'close', 'low', 'high']
==================
🔍 伦敦金原始列名：['date', 'open', 'high', 'low', 'close']
⚠️ [伦敦金] 发现 17 条 OHLC 逻辑错误，已自动剔除。
🧼 伦敦金数据清洗完成！
⏩ 数据库表 [london_gold_5min] 已是最新，无需重复写入。
✅ 成功更新 2341 条有效数据到 [london_gold_5min]

⏰ [2026-09-06 10:19:44] 正在获取伦敦金最新数据...
🌍 正在从 AKShare 获取现货黄金数据...
=== 原始数据检查 ===
         date    open   close     low    high
0  2016-12-19  262.45  262.76  262.02  263.50
1  2016-12-20  262.88  262.06  261.42  263.70
2  2016-12-21  262.40  260.97  258.60  262.65
3  2016-12-22  261.18  260.00  259.05  261.18
4  2016-12-23  258.95  260.07  258.70  260.37
列名: ['date', 'open', 'close', 'low', 'high']
==================
🔍 伦敦金原始列名：['date', 'open', 'high', 'low', 'close']
⚠️ [伦敦金] 发现 17 条 OHLC 逻辑错误，已自动剔除。
🧼 伦敦金数据清洗完成！
⏩ 数据库表 [london_gold_5min] 已是最新，无需重复写入。
✅ 成功更新 2341 条有效数据到 [london_gold_5min]

⏰ [2026-09-06 10:24:45] 正在获取伦敦金最新数据...
🌍 正在从 AKShare 获取现货黄金数据...
=== 原始数据检查 ===
         date    open   close     low    high
0  2016-12-19  262.45  262.76  262.02  263.50
1  2016-12-20  262.88  262.06  261.42  263.70
2  2016-12-21  262.40  260.97  258.60  262.65
3  2016-12-22  261.18  260.00  259.05  261.18
4  2016-12-23  258.95  260.07  258.70  260.37
列名: ['date', 'open', 'close', 'low', 'high']
==================
🔍 伦敦金原始列名：['date', 'open', 'high', 'low', 'close']
⚠️ [伦敦金] 发现 17 条 OHLC 逻辑错误，已自动剔除。
🧼 伦敦金数据清洗完成！
⏩ 数据库表 [london_gold_5min] 已是最新，无需重复写入。
✅ 成功更新 2341 条有效数据到 [london_gold_5min]

⏰ [2026-09-06 10:29:46] 正在获取伦敦金最新数据...
🌍 正在从 AKShare 获取现货黄金数据...
=== 原始数据检查 ===
         date    open   close     low    high
0  2016-12-19  262.45  262.76  262.02  263.50
1  2016-12-20  262.88  262.06  261.42  263.70
2  2016-12-21  262.40  260.97  258.60  262.65
3  2016-12-22  261.18  260.00  259.05  261.18
4  2016-12-23  258.95  260.07  258.70  260.37
列名: ['date', 'open', 'close', 'low', 'high']
==================
🔍 伦敦金原始列名：['date', 'open', 'high', 'low', 'close']
⚠️ [伦敦金] 发现 17 条 OHLC 逻辑错误，已自动剔除。
🧼 伦敦金数据清洗完成！
⏩ 数据库表 [london_gold_5min] 已是最新，无需重复写入。
✅ 成功更新 2341 条有效数据到 [london_gold_5min]

⏰ [2026-09-06 10:34:46] 正在获取伦敦金最新数据...
🌍 正在从 AKShare 获取现货黄金数据...
=== 原始数据检查 ===
         date    open   close     low    high
0  2016-12-19  262.45  262.76  262.02  263.50
1  2016-12-20  262.88  262.06  261.42  263.70
2  2016-12-21  262.40  260.97  258.60  262.65
3  2016-12-22  261.18  260.00  259.05  261.18
4  2016-12-23  258.95  260.07  258.70  260.37
列名: ['date', 'open', 'close', 'low', 'high']
==================
🔍 伦敦金原始列名：['date', 'open', 'high', 'low', 'close']
⚠️ [伦敦金] 发现 17 条 OHLC 逻辑错误，已自动剔除。
🧼 伦敦金数据清洗完成！
⏩ 数据库表 [london_gold_5min] 已是最新，无需重复写入。
✅ 成功更新 2341 条有效数据到 [london_gold_5min]

⏰ [2026-09-06 10:39:47] 正在获取伦敦金最新数据...
🌍 正在从 AKShare 获取现货黄金数据...
=== 原始数据检查 ===
         date    open   close     low    high
0  2016-12-19  262.45  262.76  262.02  263.50
1  2016-12-20  262.88  262.06  261.42  263.70
2  2016-12-21  262.40  260.97  258.60  262.65
3  2016-12-22  261.18  260.00  259.05  261.18
4  2016-12-23  258.95  260.07  258.70  260.37
列名: ['date', 'open', 'close', 'low', 'high']
==================
🔍 伦敦金原始列名：['date', 'open', 'high', 'low', 'close']
⚠️ [伦敦金] 发现 17 条 OHLC 逻辑错误，已自动剔除。
🧼 伦敦金数据清洗完成！
⏩ 数据库表 [london_gold_5min] 已是最新，无需重复写入。
✅ 成功更新 2341 条有效数据到 [london_gold_5min]

⏰ [2026-09-06 10:44:48] 正在获取伦敦金最新数据...
🌍 正在从 AKShare 获取现货黄金数据...
=== 原始数据检查 ===
         date    open   close     low    high
0  2016-12-19  262.45  262.76  262.02  263.50
1  2016-12-20  262.88  262.06  261.42  263.70
2  2016-12-21  262.40  260.97  258.60  262.65
3  2016-12-22  261.18  260.00  259.05  261.18
4  2016-12-23  258.95  260.07  258.70  260.37
列名: ['date', 'open', 'close', 'low', 'high']
==================
🔍 伦敦金原始列名：['date', 'open', 'high', 'low', 'close']
⚠️ [伦敦金] 发现 17 条 OHLC 逻辑错误，已自动剔除。
🧼 伦敦金数据清洗完成！
⏩ 数据库表 [london_gold_5min] 已是最新，无需重复写入。
✅ 成功更新 2341 条有效数据到 [london_gold_5min]

⏰ [2026-09-06 10:49:48] 正在获取伦敦金最新数据...
🌍 正在从 AKShare 获取现货黄金数据...
=== 原始数据检查 ===
         date    open   close     low    high
0  2016-12-19  262.45  262.76  262.02  263.50
1  2016-12-20  262.88  262.06  261.42  263.70
2  2016-12-21  262.40  260.97  258.60  262.65
3  2016-12-22  261.18  260.00  259.05  261.18
4  2016-12-23  258.95  260.07  258.70  260.37
列名: ['date', 'open', 'close', 'low', 'high']
==================
🔍 伦敦金原始列名：['date', 'open', 'high', 'low', 'close']
⚠️ [伦敦金] 发现 17 条 OHLC 逻辑错误，已自动剔除。
🧼 伦敦金数据清洗完成！
⏩ 数据库表 [london_gold_5min] 已是最新，无需重复写入。
✅ 成功更新 2341 条有效数据到 [london_gold_5min]

⏰ [2026-09-06 10:54:49] 正在获取伦敦金最新数据...
🌍 正在从 AKShare 获取现货黄金数据...
=== 原始数据检查 ===
         date    open   close     low    high
0  2016-12-19  262.45  262.76  262.02  263.50
1  2016-12-20  262.88  262.06  261.42  263.70
2  2016-12-21  262.40  260.97  258.60  262.65
3  2016-12-22  261.18  260.00  259.05  261.18
4  2016-12-23  258.95  260.07  258.70  260.37
列名: ['date', 'open', 'close', 'low', 'high']
==================
🔍 伦敦金原始列名：['date', 'open', 'high', 'low', 'close']
⚠️ [伦敦金] 发现 17 条 OHLC 逻辑错误，已自动剔除。
🧼 伦敦金数据清洗完成！
⏩ 数据库表 [london_gold_5min] 已是最新，无需重复写入。
✅ 成功更新 2341 条有效数据到 [london_gold_5min]

⏰ [2026-09-06 10:59:50] 正在获取伦敦金最新数据...
🌍 正在从 AKShare 获取现货黄金数据...
=== 原始数据检查 ===
         date    open   close     low    high
0  2016-12-19  262.45  262.76  262.02  263.50
1  2016-12-20  262.88  262.06  261.42  263.70
2  2016-12-21  262.40  260.97  258.60  262.65
3  2016-12-22  261.18  260.00  259.05  261.18
4  2016-12-23  258.95  260.07  258.70  260.37
列名: ['date', 'open', 'close', 'low', 'high']
==================
🔍 伦敦金原始列名：['date', 'open', 'high', 'low', 'close']
⚠️ [伦敦金] 发现 17 条 OHLC 逻辑错误，已自动剔除。
🧼 伦敦金数据清洗完成！
⏩ 数据库表 [london_gold_5min] 已是最新，无需重复写入。
✅ 成功更新 2341 条有效数据到 [london_gold_5min]

⏰ [2026-09-06 11:04:50] 正在获取伦敦金最新数据...
🌍 正在从 AKShare 获取现货黄金数据...
=== 原始数据检查 ===
         date    open   close     low    high
0  2016-12-19  262.45  262.76  262.02  263.50
1  2016-12-20  262.88  262.06  261.42  263.70
2  2016-12-21  262.40  260.97  258.60  262.65
3  2016-12-22  261.18  260.00  259.05  261.18
4  2016-12-23  258.95  260.07  258.70  260.37
列名: ['date', 'open', 'close', 'low', 'high']
==================
🔍 伦敦金原始列名：['date', 'open', 'high', 'low', 'close']
⚠️ [伦敦金] 发现 17 条 OHLC 逻辑错误，已自动剔除。
🧼 伦敦金数据清洗完成！
⏩ 数据库表 [london_gold_5min] 已是最新，无需重复写入。
✅ 成功更新 2341 条有效数据到 [london_gold_5min]

⏰ [2026-09-06 11:09:51] 正在获取伦敦金最新数据...
🌍 正在从 AKShare 获取现货黄金数据...
=== 原始数据检查 ===
         date    open   close     low    high
0  2016-12-19  262.45  262.76  262.02  263.50
1  2016-12-20  262.88  262.06  261.42  263.70
2  2016-12-21  262.40  260.97  258.60  262.65
3  2016-12-22  261.18  260.00  259.05  261.18
4  2016-12-23  258.95  260.07  258.70  260.37
列名: ['date', 'open', 'close', 'low', 'high']
==================
🔍 伦敦金原始列名：['date', 'open', 'high', 'low', 'close']
⚠️ [伦敦金] 发现 17 条 OHLC 逻辑错误，已自动剔除。
🧼 伦敦金数据清洗完成！
⏩ 数据库表 [london_gold_5min] 已是最新，无需重复写入。
✅ 成功更新 2341 条有效数据到 [london_gold_5min]

⏰ [2026-09-06 11:14:51] 正在获取伦敦金最新数据...
🌍 正在从 AKShare 获取现货黄金数据...
=== 原始数据检查 ===
         date    open   close     low    high
0  2016-12-19  262.45  262.76  262.02  263.50
1  2016-12-20  262.88  262.06  261.42  263.70
2  2016-12-21  262.40  260.97  258.60  262.65
3  2016-12-22  261.18  260.00  259.05  261.18
4  2016-12-23  258.95  260.07  258.70  260.37
列名: ['date', 'open', 'close', 'low', 'high']
==================
🔍 伦敦金原始列名：['date', 'open', 'high', 'low', 'close']
⚠️ [伦敦金] 发现 17 条 OHLC 逻辑错误，已自动剔除。
🧼 伦敦金数据清洗完成！
⏩ 数据库表 [london_gold_5min] 已是最新，无需重复写入。
✅ 成功更新 2341 条有效数据到 [london_gold_5min]

⏰ [2026-09-06 11:19:52] 正在获取伦敦金最新数据...
🌍 正在从 AKShare 获取现货黄金数据...
=== 原始数据检查 ===
